Archive member included to satisfy reference by file (symbol)

C:/ST/STM32CubeIDE_1.19.0/STM32CubeIDE/plugins/com.st.stm32cube.ide.mcu.externaltools.gnu-tools-for-stm32.13.3.rel1.win32_1.0.0.202411081344/tools/bin/../lib/gcc/arm-none-eabi/13.3.1/../../../../arm-none-eabi/lib/thumb/v7e-m+dp/hard\libc_nano.a(libc_a-exit.o)
                              C:/ST/STM32CubeIDE_1.19.0/STM32CubeIDE/plugins/com.st.stm32cube.ide.mcu.externaltools.gnu-tools-for-stm32.13.3.rel1.win32_1.0.0.202411081344/tools/bin/../lib/gcc/arm-none-eabi/13.3.1/../../../../arm-none-eabi/lib/thumb/v7e-m+dp/hard/crt0.o (exit)
C:/ST/STM32CubeIDE_1.19.0/STM32CubeIDE/plugins/com.st.stm32cube.ide.mcu.externaltools.gnu-tools-for-stm32.13.3.rel1.win32_1.0.0.202411081344/tools/bin/../lib/gcc/arm-none-eabi/13.3.1/../../../../arm-none-eabi/lib/thumb/v7e-m+dp/hard\libc_nano.a(libc_a-findfp.o)
                              C:/ST/STM32CubeIDE_1.19.0/STM32CubeIDE/plugins/com.st.stm32cube.ide.mcu.externaltools.gnu-tools-for-stm32.13.3.rel1.win32_1.0.0.202411081344/tools/bin/../lib/gcc/arm-none-eabi/13.3.1/../../../../arm-none-eabi/lib/thumb/v7e-m+dp/hard\libc_nano.a(libc_a-exit.o) (__stdio_exit_handler)
C:/ST/STM32CubeIDE_1.19.0/STM32CubeIDE/plugins/com.st.stm32cube.ide.mcu.externaltools.gnu-tools-for-stm32.13.3.rel1.win32_1.0.0.202411081344/tools/bin/../lib/gcc/arm-none-eabi/13.3.1/../../../../arm-none-eabi/lib/thumb/v7e-m+dp/hard\libc_nano.a(libc_a-fwalk.o)
                              C:/ST/STM32CubeIDE_1.19.0/STM32CubeIDE/plugins/com.st.stm32cube.ide.mcu.externaltools.gnu-tools-for-stm32.13.3.rel1.win32_1.0.0.202411081344/tools/bin/../lib/gcc/arm-none-eabi/13.3.1/../../../../arm-none-eabi/lib/thumb/v7e-m+dp/hard\libc_nano.a(libc_a-findfp.o) (_fwalk_sglue)
C:/ST/STM32CubeIDE_1.19.0/STM32CubeIDE/plugins/com.st.stm32cube.ide.mcu.externaltools.gnu-tools-for-stm32.13.3.rel1.win32_1.0.0.202411081344/tools/bin/../lib/gcc/arm-none-eabi/13.3.1/../../../../arm-none-eabi/lib/thumb/v7e-m+dp/hard\libc_nano.a(libc_a-stdio.o)
                              C:/ST/STM32CubeIDE_1.19.0/STM32CubeIDE/plugins/com.st.stm32cube.ide.mcu.externaltools.gnu-tools-for-stm32.13.3.rel1.win32_1.0.0.202411081344/tools/bin/../lib/gcc/arm-none-eabi/13.3.1/../../../../arm-none-eabi/lib/thumb/v7e-m+dp/hard\libc_nano.a(libc_a-findfp.o) (__sread)
C:/ST/STM32CubeIDE_1.19.0/STM32CubeIDE/plugins/com.st.stm32cube.ide.mcu.externaltools.gnu-tools-for-stm32.13.3.rel1.win32_1.0.0.202411081344/tools/bin/../lib/gcc/arm-none-eabi/13.3.1/../../../../arm-none-eabi/lib/thumb/v7e-m+dp/hard\libc_nano.a(libc_a-memset.o)
                              C:/ST/STM32CubeIDE_1.19.0/STM32CubeIDE/plugins/com.st.stm32cube.ide.mcu.externaltools.gnu-tools-for-stm32.13.3.rel1.win32_1.0.0.202411081344/tools/bin/../lib/gcc/arm-none-eabi/13.3.1/../../../../arm-none-eabi/lib/thumb/v7e-m+dp/hard/crt0.o (memset)
C:/ST/STM32CubeIDE_1.19.0/STM32CubeIDE/plugins/com.st.stm32cube.ide.mcu.externaltools.gnu-tools-for-stm32.13.3.rel1.win32_1.0.0.202411081344/tools/bin/../lib/gcc/arm-none-eabi/13.3.1/../../../../arm-none-eabi/lib/thumb/v7e-m+dp/hard\libc_nano.a(libc_a-closer.o)
                              C:/ST/STM32CubeIDE_1.19.0/STM32CubeIDE/plugins/com.st.stm32cube.ide.mcu.externaltools.gnu-tools-for-stm32.13.3.rel1.win32_1.0.0.202411081344/tools/bin/../lib/gcc/arm-none-eabi/13.3.1/../../../../arm-none-eabi/lib/thumb/v7e-m+dp/hard\libc_nano.a(libc_a-stdio.o) (_close_r)
C:/ST/STM32CubeIDE_1.19.0/STM32CubeIDE/plugins/com.st.stm32cube.ide.mcu.externaltools.gnu-tools-for-stm32.13.3.rel1.win32_1.0.0.202411081344/tools/bin/../lib/gcc/arm-none-eabi/13.3.1/../../../../arm-none-eabi/lib/thumb/v7e-m+dp/hard\libc_nano.a(libc_a-reent.o)
                              C:/ST/STM32CubeIDE_1.19.0/STM32CubeIDE/plugins/com.st.stm32cube.ide.mcu.externaltools.gnu-tools-for-stm32.13.3.rel1.win32_1.0.0.202411081344/tools/bin/../lib/gcc/arm-none-eabi/13.3.1/../../../../arm-none-eabi/lib/thumb/v7e-m+dp/hard\libc_nano.a(libc_a-closer.o) (errno)
C:/ST/STM32CubeIDE_1.19.0/STM32CubeIDE/plugins/com.st.stm32cube.ide.mcu.externaltools.gnu-tools-for-stm32.13.3.rel1.win32_1.0.0.202411081344/tools/bin/../lib/gcc/arm-none-eabi/13.3.1/../../../../arm-none-eabi/lib/thumb/v7e-m+dp/hard\libc_nano.a(libc_a-impure.o)
                              C:/ST/STM32CubeIDE_1.19.0/STM32CubeIDE/plugins/com.st.stm32cube.ide.mcu.externaltools.gnu-tools-for-stm32.13.3.rel1.win32_1.0.0.202411081344/tools/bin/../lib/gcc/arm-none-eabi/13.3.1/../../../../arm-none-eabi/lib/thumb/v7e-m+dp/hard\libc_nano.a(libc_a-reent.o) (_impure_ptr)
C:/ST/STM32CubeIDE_1.19.0/STM32CubeIDE/plugins/com.st.stm32cube.ide.mcu.externaltools.gnu-tools-for-stm32.13.3.rel1.win32_1.0.0.202411081344/tools/bin/../lib/gcc/arm-none-eabi/13.3.1/../../../../arm-none-eabi/lib/thumb/v7e-m+dp/hard\libc_nano.a(libc_a-lseekr.o)
[...]
Memory Configuration

Name             Origin             Length             Attributes
RAM              0x20000000         0x00080000         xrw
FLASH            0x08000000         0x00200000         xr
*default*        0x00000000         0xffffffff

Linker script and memory map

LOAD C:/ST/STM32CubeIDE_1.19.0/STM32CubeIDE/plugins/com.st.stm32cube.ide.mcu.externaltools.gnu-tools-for-stm32.13.3.rel1.win32_1.0.0.202411081344/tools/bin/../lib/gcc/arm-none-eabi/13.3.1/thumb/v7e-m+dp/hard/crti.o
LOAD C:/ST/STM32CubeIDE_1.19.0/STM32CubeIDE/plugins/com.st.stm32cube.ide.mcu.externaltools.gnu-tools-for-stm32.13.3.rel1.win32_1.0.0.202411081344/tools/bin/../lib/gcc/arm-none-eabi/13.3.1/thumb/v7e-m+dp/hard/crtbegin.o
LOAD C:/ST/STM32CubeIDE_1.19.0/STM32CubeIDE/plugins/com.st.stm32cube.ide.mcu.externaltools.gnu-tools-for-stm32.13.3.rel1.win32_1.0.0.202411081344/tools/bin/../lib/gcc/arm-none-eabi/13.3.1/../../../../arm-none-eabi/lib/thumb/v7e-m+dp/hard/crt0.o
LOAD ./Core/Src/bmp280.o
LOAD ./Core/Src/dht11.o
LOAD ./Core/Src/dust_sensor.o
LOAD ./Core/Src/font.o
LOAD ./Core/Src/main.o
LOAD ./Core/Src/oled.o
LOAD ./Core/Src/stm32f7xx_hal_msp.o
LOAD ./Core/Src/stm32f7xx_it.o
LOAD ./Core/Src/syscalls.o
LOAD ./Core/Src/sysmem.o
LOAD ./Core/Src/system_stm32f7xx.o
LOAD ./Core/Startup/startup_stm32f767zitx.o
LOAD ./Drivers/STM32F7xx_HAL_Driver/Src/stm32f7xx_hal.o
LOAD ./Drivers/STM32F7xx_HAL_Driver/Src/stm32f7xx_hal_adc.o
LOAD ./Drivers/STM32F7xx_HAL_Driver/Src/stm32f7xx_hal_adc_ex.o
LOAD ./Drivers/STM32F7xx_HAL_Driver/Src/stm32f7xx_hal_cortex.o
LOAD ./Drivers/STM32F7xx_HAL_Driver/Src/stm32f7xx_hal_dma.o
LOAD ./Drivers/STM32F7xx_HAL_Driver/Src/stm32f7xx_hal_dma_ex.o
LOAD ./Drivers/STM32F7xx_HAL_Driver/Src/stm32f7xx_hal_exti.o
LOAD ./Drivers/STM32F7xx_HAL_Driver/Src/stm32f7xx_hal_flash.o
LOAD ./Drivers/STM32F7xx_HAL_Driver/Src/stm32f7xx_hal_flash_ex.o
LOAD ./Drivers/STM32F7xx_HAL_Driver/Src/stm32f7xx_hal_gpio.o
LOAD ./Drivers/STM32F7xx_HAL_Driver/Src/stm32f7xx_hal_i2c.o
LOAD ./Drivers/STM32F7xx_HAL_Driver/Src/stm32f7xx_hal_i2c_ex.o
LOAD ./Drivers/STM32F7xx_HAL_Driver/Src/stm32f7xx_hal_pwr.o
LOAD ./Drivers/STM32F7xx_HAL_Driver/Src/stm32f7xx_hal_pwr_ex.o
LOAD ./Drivers/STM32F7xx_HAL_Driver/Src/stm32f7xx_hal_rcc.o
LOAD ./Drivers/STM32F7xx_HAL_Driver/Src/stm32f7xx_hal_rcc_ex.o
LOAD ./Drivers/STM32F7xx_HAL_Driver/Src/stm32f7xx_hal_spi.o
LOAD ./Drivers/STM32F7xx_HAL_Driver/Src/stm32f7xx_hal_spi_ex.o
LOAD ./Drivers/STM32F7xx_HAL_Driver/Src/stm32f7xx_hal_tim.o
LOAD ./Drivers/STM32F7xx_HAL_Driver/Src/stm32f7xx_hal_tim_ex.o
START GROUP
LOAD C:/ST/STM32CubeIDE_1.19.0/STM32CubeIDE/plugins/com.st.stm32cube.ide.mcu.externaltools.gnu-tools-for-stm32.13.3.rel1.win32_1.0.0.202411081344/tools/bin/../lib/gcc/arm-none-eabi/13.3.1/../../../../arm-none-eabi/lib/thumb/v7e-m+dp/hard\libc_nano.a
LOAD C:/ST/STM32CubeIDE_1.19.0/STM32CubeIDE/plugins/com.st.stm32cube.ide.mcu.externaltools.gnu-tools-for-stm32.13.3.rel1.win32_1.0.0.202411081344/tools/bin/../lib/gcc/arm-none-eabi/13.3.1/../../../../arm-none-eabi/lib/thumb/v7e-m+dp/hard\libm.a
END GROUP
START GROUP
LOAD C:/ST/STM32CubeIDE_1.19.0/STM32CubeIDE/plugins/com.st.stm32cube.ide.mcu.externaltools.gnu-tools-for-stm32.13.3.rel1.win32_1.0.0.202411081344/tools/bin/../lib/gcc/arm-none-eabi/13.3.1/thumb/v7e-m+dp/hard\libgcc.a
LOAD C:/ST/STM32CubeIDE_1.19.0/STM32CubeIDE/plugins/com.st.stm32cube.ide.mcu.externaltools.gnu-tools-for-stm32.13.3.rel1.win32_1.0.0.202411081344/tools/bin/../lib/gcc/arm-none-eabi/13.3.1/../../../../arm-none-eabi/lib/thumb/v7e-m+dp/hard\libg_nano.a
LOAD C:/ST/STM32CubeIDE_1.19.0/STM32CubeIDE/plugins/com.st.stm32cube.ide.mcu.externaltools.gnu-tools-for-stm32.13.3.rel1.win32_1.0.0.202411081344/tools/bin/../lib/gcc/arm-none-eabi/13.3.1/../../../../arm-none-eabi/lib/thumb/v7e-m+dp/hard\libc_nano.a
END GROUP
START GROUP
LOAD C:/ST/STM32CubeIDE_1.19.0/STM32CubeIDE/plugins/com.st.stm32cube.ide.mcu.externaltools.gnu-tools-for-stm32.13.3.rel1.win32_1.0.0.202411081344/tools/bin/../lib/gcc/arm-none-eabi/13.3.1/thumb/v7e-m+dp/hard\libgcc.a
LOAD C:/ST/STM32CubeIDE_1.19.0/STM32CubeIDE/plugins/com.st.stm32cube.ide.mcu.externaltools.gnu-tools-for-stm32.13.3.rel1.win32_1.0.0.202411081344/tools/bin/../lib/gcc/arm-none-eabi/13.3.1/../../../../arm-none-eabi/lib/thumb/v7e-m+dp/hard\libc_nano.a
LOAD C:/ST/STM32CubeIDE_1.19.0/STM32CubeIDE/plugins/com.st.stm32cube.ide.mcu.externaltools.gnu-tools-for-stm32.13.3.rel1.win32_1.0.0.202411081344/tools/bin/../lib/gcc/arm-none-eabi/13.3.1/../../../../arm-none-eabi/lib/thumb/v7e-m+dp/hard\libnosys.a
END GROUP
START GROUP
LOAD C:/ST/STM32CubeIDE_1.19.0/STM32CubeIDE/plugins/com.st.stm32cube.ide.mcu.externaltools.gnu-tools-for-stm32.13.3.rel1.win32_1.0.0.202411081344/tools/bin/../lib/gcc/arm-none-eabi/13.3.1/thumb/v7e-m+dp/hard\libgcc.a
LOAD C:/ST/STM32CubeIDE_1.19.0/STM32CubeIDE/plugins/com.st.stm32cube.ide.mcu.externaltools.gnu-tools-for-stm32.13.3.rel1.win32_1.0.0.202411081344/tools/bin/../lib/gcc/arm-none-eabi/13.3.1/../../../../arm-none-eabi/lib/thumb/v7e-m+dp/hard\libc_nano.a
LOAD C:/ST/STM32CubeIDE_1.19.0/STM32CubeIDE/plugins/com.st.stm32cube.ide.mcu.externaltools.gnu-tools-for-stm32.13.3.rel1.win32_1.0.0.202411081344/tools/bin/../lib/gcc/arm-none-eabi/13.3.1/../../../../arm-none-eabi/lib/thumb/v7e-m+dp/hard\libnosys.a
END GROUP
LOAD C:/ST/STM32CubeIDE_1.19.0/STM32CubeIDE/plugins/com.st.stm32cube.ide.mcu.externaltools.gnu-tools-for-stm32.13.3.rel1.win32_1.0.0.202411081344/tools/bin/../lib/gcc/arm-none-eabi/13.3.1/thumb/v7e-m+dp/hard/crtend.o
LOAD C:/ST/STM32CubeIDE_1.19.0/STM32CubeIDE/plugins/com.st.stm32cube.ide.mcu.externaltools.gnu-tools-for-stm32.13.3.rel1.win32_1.0.0.202411081344/tools/bin/../lib/gcc/arm-none-eabi/13.3.1/thumb/v7e-m+dp/hard/crtn.o
                0x20080000                        _estack = (ORIGIN (RAM) + LENGTH (RAM))
                0x00000200                        _Min_Heap_Size = 0x200
                0x00000400                        _Min_Stack_Size = 0x400

.isr_vector     0x08000000      0x1f8
                0x08000000                        . = ALIGN (0x4)
 *(.isr_vector)
 .isr_vector    0x08000000      0x1f8 ./Core/Startup/startup_stm32f767zitx.o
                0x08000000                g_pfnVectors
                0x080001f8                        . = ALIGN (0x4)

.text           0x080001f8     0x6c14
                0x080001f8                        . = ALIGN (0x4)
 *(.text)
 .text          0x080001f8       0x40 C:/ST/STM32CubeIDE_1.19.0/STM32CubeIDE/plugins/com.st.stm32cube.ide.mcu.externaltools.gnu-tools-for-stm32.13.3.rel1.win32_1.0.0.202411081344/tools/bin/../lib/gcc/arm-none-eabi/13.3.1/thumb/v7e-m+dp/hard/crtbegin.o
 .text          0x08000238      0x21c C:/ST/STM32CubeIDE_1.19.0/STM32CubeIDE/plugins/com.st.stm32cube.ide.mcu.externaltools.gnu-tools-for-stm32.13.3.rel1.win32_1.0.0.202411081344/tools/bin/../lib/gcc/arm-none-eabi/13.3.1/thumb/v7e-m+dp/hard\libgcc.a(_arm_addsubsf3.o)
                0x08000238                __aeabi_frsub
                0x08000240                __subsf3
                0x08000240                __aeabi_fsub
                0x08000244                __aeabi_fadd
                0x08000244                __addsf3
                0x080003a4                __aeabi_ui2f
                0x080003a4                __floatunsisf
                0x080003ac                __aeabi_i2f
                0x080003ac                __floatsisf
                0x080003c8                __aeabi_ul2f
                0x080003c8                __floatundisf
                0x080003d8                __aeabi_l2f
                0x080003d8                __floatdisf
 .text          0x08000454       0xa0 C:/ST/STM32CubeIDE_1.19.0/STM32CubeIDE/plugins/com.st.stm32cube.ide.mcu.externaltools.gnu-tools-for-stm32.13.3.rel1.win32_1.0.0.202411081344/tools/bin/../lib/gcc/arm-none-eabi/13.3.1/thumb/v7e-m+dp/hard\libgcc.a(_aeabi_ldivmod.o)
                0x08000454                __aeabi_ldivmod
 .text          0x080004f4       0x30 C:/ST/STM32CubeIDE_1.19.0/STM32CubeIDE/plugins/com.st.stm32cube.ide.mcu.externaltools.gnu-tools-for-stm32.13.3.rel1.win32_1.0.0.202411081344/tools/bin/../lib/gcc/arm-none-eabi/13.3.1/thumb/v7e-m+dp/hard\libgcc.a(_aeabi_uldivmod.o)
                0x080004f4                __aeabi_uldivmod
 .text          0x08000524      0x2f8 C:/ST/STM32CubeIDE_1.19.0/STM32CubeIDE/plugins/com.st.stm32cube.ide.mcu.externaltools.gnu-tools-for-stm32.13.3.rel1.win32_1.0.0.202411081344/tools/bin/../lib/gcc/arm-none-eabi/13.3.1/thumb/v7e-m+dp/hard\libgcc.a(_udivmoddi4.o)
                0x08000524                __udivmoddi4
 .text          0x0800081c        0x4 C:/ST/STM32CubeIDE_1.19.0/STM32CubeIDE/plugins/com.st.stm32cube.ide.mcu.externaltools.gnu-tools-for-stm32.13.3.rel1.win32_1.0.0.202411081344/tools/bin/../lib/gcc/arm-none-eabi/13.3.1/thumb/v7e-m+dp/hard\libgcc.a(_dvmd_tls.o)
                0x0800081c                __aeabi_idiv0
                0x0800081c                __aeabi_ldiv0
 *(.text*)
 .text.BMP_Read8
                0x08000820       0x3c ./Core/Src/bmp280.o
                0x08000820                BMP_Read8
 .text.BMP_Write8
                0x0800085c       0x38 ./Core/Src/bmp280.o
                0x0800085c                BMP_Write8
 .text.BMP_ReadCalibration
                0x08000894      0x1bc ./Core/Src/bmp280.o
                0x08000894                BMP_ReadCalibration
 .text.BMP_Init
                0x08000a50       0x3a ./Core/Src/bmp280.o
                0x08000a50                BMP_Init
 *fill*         0x08000a8a        0x2 
 .text.BMP_ReadTemperature
                0x08000a8c       0xc0 ./Core/Src/bmp280.o
                0x08000a8c                BMP_ReadTemperature
 .text.BMP_ReadPressure
                0x08000b4c      0x5bc ./Core/Src/bmp280.o
                0x08000b4c                BMP_ReadPressure
 .text.pressure_to_sealevel
                0x08001108       0xa8 ./Core/Src/bmp280.o
                0x08001108                pressure_to_sealevel
 .text.delay_us
                0x080011b0       0x38 ./Core/Src/dht11.o
                0x080011b0                delay_us
 .text.DHT11_Pin_Output
                0x080011e8       0x3c ./Core/Src/dht11.o
                0x080011e8                DHT11_Pin_Output
 .text.DHT11_Pin_Input
                0x08001224       0x38 ./Core/Src/dht11.o
                0x08001224                DHT11_Pin_Input
 .text.DHT11_Read_Data
                0x0800125c      0x178 ./Core/Src/dht11.o
                0x0800125c                DHT11_Read_Data
 .text.Filter   0x080013d4       0xd0 ./Core/Src/dust_sensor.o
                0x080013d4                Filter
 .text.ReadDustSensor
                0x080014a4       0x88 ./Core/Src/dust_sensor.o
                0x080014a4                ReadDustSensor
 .text.VoltageToDustDensity
                0x0800152c       0x70 ./Core/Src/dust_sensor.o
                0x0800152c                VoltageToDustDensity
 .text.updateData
                0x0800159c      0x128 ./Core/Src/main.o
                0x0800159c                updateData
 .text.init     0x080016c4       0x54 ./Core/Src/main.o
                0x080016c4                init
 .text.main     0x08001718       0x5c ./Core/Src/main.o
                0x08001718                main
 .text.SystemClock_Config
                0x08001774       0xe0 ./Core/Src/main.o
                0x08001774                SystemClock_Config
 .text.MX_ADC1_Init
                0x08001854       0xa4 ./Core/Src/main.o
 .text.MX_I2C1_Init
                0x080018f8       0x80 ./Core/Src/main.o
 .text.MX_SPI1_Init
                0x08001978       0x7c ./Core/Src/main.o
 .text.MX_TIM1_Init
                0x080019f4       0xa8 ./Core/Src/main.o
 .text.MX_TIM2_Init
                0x08001a9c       0xa0 ./Core/Src/main.o
 .text.MX_GPIO_Init
                0x08001b3c       0xf4 ./Core/Src/main.o
 .text.MPU_Config
                0x08001c30       0x58 ./Core/Src/main.o
 .text.Error_Handler
                0x08001c88        0xc ./Core/Src/main.o
                0x08001c88                Error_Handler
 .text.OLED_CS  0x08001c94       0x2c ./Core/Src/oled.o
                0x08001c94                OLED_CS
 .text.OLED_DC  0x08001cc0       0x30 ./Core/Src/oled.o
                0x08001cc0                OLED_DC
 .text.OLED_RESET
                0x08001cf0       0x30 ./Core/Src/oled.o
                0x08001cf0                OLED_RESET
 .text.OLED_WriteCommand
                0x08001d20       0x38 ./Core/Src/oled.o
                0x08001d20                OLED_WriteCommand
 .text.OLED_WriteData
                0x08001d58       0x38 ./Core/Src/oled.o
                0x08001d58                OLED_WriteData
 .text.OLED_Init
                0x08001d90       0x84 ./Core/Src/oled.o
                0x08001d90                OLED_Init
 .text.OLED_Clear
                0x08001e14       0x76 ./Core/Src/oled.o
                0x08001e14                OLED_Clear
 .text.OLED_DrawLetter
                0x08001e8a       0x78 ./Core/Src/oled.o
                0x08001e8a                OLED_DrawLetter
 .text.CharToFontIndex
                0x08001f02       0x72 ./Core/Src/oled.o
                0x08001f02                CharToFontIndex
 .text.OLED_DrawString
                0x08001f74       0x5c ./Core/Src/oled.o
                0x08001f74                OLED_DrawString
 .text.OLED_DrawCol
                0x08001fd0       0x52 ./Core/Src/oled.o
                0x08001fd0                OLED_DrawCol
 *fill*         0x08002022        0x2 
 .text.OLED_temp
                0x08002024      0x168 ./Core/Src/oled.o
                0x08002024                OLED_temp
 .text.OLED_pressure_Pa
                0x0800218c      0x160 ./Core/Src/oled.o
                0x0800218c                OLED_pressure_Pa
 .text.OLED_dust
                0x080022ec      0x120 ./Core/Src/oled.o
                0x080022ec                OLED_dust
 .text.GetAirQualityEmoji16
                0x0800240c       0xb4 ./Core/Src/oled.o
                0x0800240c                GetAirQualityEmoji16
 .text.OLED_DrawAirQualityEmoji16
                0x080024c0       0x98 ./Core/Src/oled.o
                0x080024c0                OLED_DrawAirQualityEmoji16
 .text.GetAirQualityText
                0x08002558       0xb4 ./Core/Src/oled.o
                0x08002558                GetAirQualityText
 .text.HAL_MspInit
                0x0800260c       0x48 ./Core/Src/stm32f7xx_hal_msp.o
                0x0800260c                HAL_MspInit
 .text.HAL_ADC_MspInit
                0x08002654       0x80 ./Core/Src/stm32f7xx_hal_msp.o
                0x08002654                HAL_ADC_MspInit
 .text.HAL_I2C_MspInit
                0x080026d4       0xc0 ./Core/Src/stm32f7xx_hal_msp.o
                0x080026d4                HAL_I2C_MspInit
 .text.HAL_SPI_MspInit
                0x08002794       0x88 ./Core/Src/stm32f7xx_hal_msp.o
                0x08002794                HAL_SPI_MspInit
 .text.HAL_TIM_Base_MspInit
                0x0800281c       0x70 ./Core/Src/stm32f7xx_hal_msp.o
                0x0800281c                HAL_TIM_Base_MspInit
 .text.NMI_Handler
                0x0800288c        0x8 ./Core/Src/stm32f7xx_it.o
                0x0800288c                NMI_Handler
 .text.HardFault_Handler
                0x08002894        0x8 ./Core/Src/stm32f7xx_it.o
                0x08002894                HardFault_Handler
 .text.MemManage_Handler
                0x0800289c        0x8 ./Core/Src/stm32f7xx_it.o
                0x0800289c                MemManage_Handler
 .text.BusFault_Handler
                0x080028a4        0x8 ./Core/Src/stm32f7xx_it.o
                0x080028a4                BusFault_Handler
 .text.UsageFault_Handler
                0x080028ac        0x8 ./Core/Src/stm32f7xx_it.o
                0x080028ac                UsageFault_Handler
 .text.SVC_Handler
                0x080028b4        0xe ./Core/Src/stm32f7xx_it.o
                0x080028b4                SVC_Handler
 .text.DebugMon_Handler
                0x080028c2        0xe ./Core/Src/stm32f7xx_it.o
                0x080028c2                DebugMon_Handler
 .text.PendSV_Handler
                0x080028d0        0xe ./Core/Src/stm32f7xx_it.o
                0x080028d0                PendSV_Handler
 .text.SysTick_Handler
                0x080028de        0xc ./Core/Src/stm32f7xx_it.o
                0x080028de                SysTick_Handler
 *fill*         0x080028ea        0x2 
 .text.TIM2_IRQHandler
                0x080028ec       0x14 ./Core/Src/stm32f7xx_it.o
                0x080028ec                TIM2_IRQHandler
 .text.EXTI15_10_IRQHandler
                0x08002900       0x1c ./Core/Src/stm32f7xx_it.o
                0x08002900                EXTI15_10_IRQHandler
 .text.HAL_TIM_PeriodElapsedCallback
                0x0800291c       0x28 ./Core/Src/stm32f7xx_it.o
                0x0800291c                HAL_TIM_PeriodElapsedCallback
 .text.SystemInit
                0x08002944       0x24 ./Core/Src/system_stm32f7xx.o
                0x08002944                SystemInit
 .text.Reset_Handler
                0x08002968       0x50 ./Core/Startup/startup_stm32f767zitx.o
                0x08002968                Reset_Handler
 .text.Default_Handler
                0x080029b8        0x2 ./Core/Startup/startup_stm32f767zitx.o
                0x080029b8                RTC_Alarm_IRQHandler
                0x080029b8                EXTI2_IRQHandler
                0x080029b8                TIM8_CC_IRQHandler
                0x080029b8                UART8_IRQHandler
                0x080029b8                SPI4_IRQHandler
                0x080029b8                TIM1_CC_IRQHandler
                0x080029b8                DMA2_Stream5_IRQHandler
                0x080029b8                JPEG_IRQHandler
                0x080029b8                DMA1_Stream5_IRQHandler
                0x080029b8                CAN3_RX1_IRQHandler
                0x080029b8                PVD_IRQHandler
                0x080029b8                TAMP_STAMP_IRQHandler
                0x080029b8                CAN2_RX1_IRQHandler
                0x080029b8                EXTI3_IRQHandler
                0x080029b8                TIM8_TRG_COM_TIM14_IRQHandler
                0x080029b8                DFSDM1_FLT1_IRQHandler
                0x080029b8                TIM1_UP_TIM10_IRQHandler
                0x080029b8                TIM8_UP_TIM13_IRQHandler
                0x080029b8                I2C3_ER_IRQHandler
                0x080029b8                DFSDM1_FLT2_IRQHandler
                0x080029b8                EXTI0_IRQHandler
                0x080029b8                I2C2_EV_IRQHandler
                0x080029b8                DMA1_Stream2_IRQHandler
                0x080029b8                CAN1_RX0_IRQHandler
                0x080029b8                FPU_IRQHandler
                0x080029b8                OTG_HS_WKUP_IRQHandler
                0x080029b8                CAN3_SCE_IRQHandler
                0x080029b8                LTDC_ER_IRQHandler
                0x080029b8                CAN2_SCE_IRQHandler
                0x080029b8                DMA2_Stream2_IRQHandler
                0x080029b8                SPI1_IRQHandler
                0x080029b8                TIM6_DAC_IRQHandler
                0x080029b8                TIM1_BRK_TIM9_IRQHandler
                0x080029b8                DCMI_IRQHandler
                0x080029b8                CAN2_RX0_IRQHandler
                0x080029b8                DMA2_Stream3_IRQHandler
                0x080029b8                SAI2_IRQHandler
                0x080029b8                DFSDM1_FLT3_IRQHandler
                0x080029b8                USART6_IRQHandler
                0x080029b8                CAN3_RX0_IRQHandler
                0x080029b8                USART3_IRQHandler
                0x080029b8                CAN1_RX1_IRQHandler
                0x080029b8                UART5_IRQHandler
                0x080029b8                DMA2_Stream0_IRQHandler
                0x080029b8                TIM4_IRQHandler
                0x080029b8                QUADSPI_IRQHandler
                0x080029b8                I2C1_EV_IRQHandler
                0x080029b8                DMA1_Stream6_IRQHandler
                0x080029b8                DMA1_Stream1_IRQHandler
                0x080029b8                UART4_IRQHandler
                0x080029b8                TIM3_IRQHandler
                0x080029b8                RCC_IRQHandler
                0x080029b8                TIM8_BRK_TIM12_IRQHandler
                0x080029b8                Default_Handler
                0x080029b8                CEC_IRQHandler
                0x080029b8                ADC_IRQHandler
                0x080029b8                DMA1_Stream7_IRQHandler
                0x080029b8                SPI5_IRQHandler
                0x080029b8                TIM7_IRQHandler
                0x080029b8                SDMMC1_IRQHandler
                0x080029b8                CAN2_TX_IRQHandler
                0x080029b8                TIM5_IRQHandler
                0x080029b8                DMA2_Stream7_IRQHandler
                0x080029b8                I2C3_EV_IRQHandler
                0x080029b8                EXTI9_5_IRQHandler
                0x080029b8                RTC_WKUP_IRQHandler
                0x080029b8                LTDC_IRQHandler
                0x080029b8                ETH_WKUP_IRQHandler
                0x080029b8                SPDIF_RX_IRQHandler
                0x080029b8                SPI2_IRQHandler
                0x080029b8                OTG_HS_EP1_IN_IRQHandler
                0x080029b8                DMA1_Stream0_IRQHandler
                0x080029b8                CAN1_TX_IRQHandler
                0x080029b8                EXTI4_IRQHandler
                0x080029b8                RNG_IRQHandler
                0x080029b8                ETH_IRQHandler
                0x080029b8                OTG_HS_EP1_OUT_IRQHandler
                0x080029b8                WWDG_IRQHandler
                0x080029b8                SPI6_IRQHandler
                0x080029b8                MDIOS_IRQHandler
                0x080029b8                I2C4_EV_IRQHandler
                0x080029b8                CAN3_TX_IRQHandler
                0x080029b8                OTG_FS_WKUP_IRQHandler
                0x080029b8                TIM1_TRG_COM_TIM11_IRQHandler
                0x080029b8                OTG_HS_IRQHandler
                0x080029b8                DMA2D_IRQHandler
                0x080029b8                EXTI1_IRQHandler
                0x080029b8                SDMMC2_IRQHandler
                0x080029b8                UART7_IRQHandler
                0x080029b8                USART2_IRQHandler
                0x080029b8                DFSDM1_FLT0_IRQHandler
                0x080029b8                I2C2_ER_IRQHandler
                0x080029b8                DMA2_Stream1_IRQHandler
                0x080029b8                CAN1_SCE_IRQHandler
                0x080029b8                FLASH_IRQHandler
                0x080029b8                DMA2_Stream4_IRQHandler
                0x080029b8                USART1_IRQHandler
                0x080029b8                OTG_FS_IRQHandler
                0x080029b8                SPI3_IRQHandler
                0x080029b8                DMA1_Stream4_IRQHandler
                0x080029b8                I2C1_ER_IRQHandler
                0x080029b8                FMC_IRQHandler
                0x080029b8                LPTIM1_IRQHandler
                0x080029b8                I2C4_ER_IRQHandler
                0x080029b8                DMA2_Stream6_IRQHandler
                0x080029b8                SAI1_IRQHandler
                0x080029b8                DMA1_Stream3_IRQHandler
 .text.HAL_Init
                0x080029ba       0x1a ./Drivers/STM32F7xx_HAL_Driver/Src/stm32f7xx_hal.o
                0x080029ba                HAL_Init
 .text.HAL_InitTick
                0x080029d4       0x60 ./Drivers/STM32F7xx_HAL_Driver/Src/stm32f7xx_hal.o
                0x080029d4                HAL_InitTick
 .text.HAL_IncTick
                0x08002a34       0x28 ./Drivers/STM32F7xx_HAL_Driver/Src/stm32f7xx_hal.o
                0x08002a34                HAL_IncTick
 .text.HAL_GetTick
                0x08002a5c       0x18 ./Drivers/STM32F7xx_HAL_Driver/Src/stm32f7xx_hal.o
                0x08002a5c                HAL_GetTick
 .text.HAL_Delay
                0x08002a74       0x48 ./Drivers/STM32F7xx_HAL_Driver/Src/stm32f7xx_hal.o
                0x08002a74                HAL_Delay
 .text.HAL_ADC_Init
                0x08002abc       0x88 ./Drivers/STM32F7xx_HAL_Driver/Src/stm32f7xx_hal_adc.o
                0x08002abc                HAL_ADC_Init
 .text.HAL_ADC_Start
                0x08002b44      0x19c ./Drivers/STM32F7xx_HAL_Driver/Src/stm32f7xx_hal_adc.o
                0x08002b44                HAL_ADC_Start
 .text.HAL_ADC_Stop
                0x08002ce0       0x68 ./Drivers/STM32F7xx_HAL_Driver/Src/stm32f7xx_hal_adc.o
                0x08002ce0                HAL_ADC_Stop
 .text.HAL_ADC_PollForConversion
                0x08002d48      0x116 ./Drivers/STM32F7xx_HAL_Driver/Src/stm32f7xx_hal_adc.o
                0x08002d48                HAL_ADC_PollForConversion
 .text.HAL_ADC_GetValue
                0x08002e5e       0x1a ./Drivers/STM32F7xx_HAL_Driver/Src/stm32f7xx_hal_adc.o
                0x08002e5e                HAL_ADC_GetValue
 .text.HAL_ADC_ConfigChannel
                0x08002e78      0x2b4 ./Drivers/STM32F7xx_HAL_Driver/Src/stm32f7xx_hal_adc.o
                0x08002e78                HAL_ADC_ConfigChannel
 .text.ADC_Init
                0x0800312c      0x1f4 ./Drivers/STM32F7xx_HAL_Driver/Src/stm32f7xx_hal_adc.o
 .text.__NVIC_SetPriorityGrouping
                0x08003320       0x48 ./Drivers/STM32F7xx_HAL_Driver/Src/stm32f7xx_hal_cortex.o
 .text.__NVIC_GetPriorityGrouping
                0x08003368       0x1c ./Drivers/STM32F7xx_HAL_Driver/Src/stm32f7xx_hal_cortex.o
 .text.__NVIC_EnableIRQ
                0x08003384       0x3c ./Drivers/STM32F7xx_HAL_Driver/Src/stm32f7xx_hal_cortex.o
 .text.__NVIC_SetPriority
                0x080033c0       0x54 ./Drivers/STM32F7xx_HAL_Driver/Src/stm32f7xx_hal_cortex.o
 .text.NVIC_EncodePriority
                0x08003414       0x66 ./Drivers/STM32F7xx_HAL_Driver/Src/stm32f7xx_hal_cortex.o
 *fill*         0x0800347a        0x2 
 .text.SysTick_Config
                0x0800347c       0x44 ./Drivers/STM32F7xx_HAL_Driver/Src/stm32f7xx_hal_cortex.o
 .text.HAL_NVIC_SetPriorityGrouping
                0x080034c0       0x16 ./Drivers/STM32F7xx_HAL_Driver/Src/stm32f7xx_hal_cortex.o
                0x080034c0                HAL_NVIC_SetPriorityGrouping
 .text.HAL_NVIC_SetPriority
                0x080034d6       0x38 ./Drivers/STM32F7xx_HAL_Driver/Src/stm32f7xx_hal_cortex.o
                0x080034d6                HAL_NVIC_SetPriority
 .text.HAL_NVIC_EnableIRQ
                0x0800350e       0x1c ./Drivers/STM32F7xx_HAL_Driver/Src/stm32f7xx_hal_cortex.o
                0x0800350e                HAL_NVIC_EnableIRQ
 .text.HAL_SYSTICK_Config
                0x0800352a       0x18 ./Drivers/STM32F7xx_HAL_Driver/Src/stm32f7xx_hal_cortex.o
                0x0800352a                HAL_SYSTICK_Config
 *fill*         0x08003542        0x2 
 .text.HAL_MPU_Disable
                0x08003544       0x30 ./Drivers/STM32F7xx_HAL_Driver/Src/stm32f7xx_hal_cortex.o
                0x08003544                HAL_MPU_Disable
 .text.HAL_MPU_Enable
                0x08003574       0x40 ./Drivers/STM32F7xx_HAL_Driver/Src/stm32f7xx_hal_cortex.o
                0x08003574                HAL_MPU_Enable
 .text.HAL_MPU_ConfigRegion
                0x080035b4       0x80 ./Drivers/STM32F7xx_HAL_Driver/Src/stm32f7xx_hal_cortex.o
                0x080035b4                HAL_MPU_ConfigRegion
 .text.HAL_GPIO_Init
                0x08003634      0x358 ./Drivers/STM32F7xx_HAL_Driver/Src/stm32f7xx_hal_gpio.o
                0x08003634                HAL_GPIO_Init
 .text.HAL_GPIO_ReadPin
                0x0800398c       0x30 ./Drivers/STM32F7xx_HAL_Driver/Src/stm32f7xx_hal_gpio.o
                0x0800398c                HAL_GPIO_ReadPin
 .text.HAL_GPIO_WritePin
                0x080039bc       0x32 ./Drivers/STM32F7xx_HAL_Driver/Src/stm32f7xx_hal_gpio.o
                0x080039bc                HAL_GPIO_WritePin
 .text.HAL_GPIO_TogglePin
                0x080039ee       0x34 ./Drivers/STM32F7xx_HAL_Driver/Src/stm32f7xx_hal_gpio.o
                0x080039ee                HAL_GPIO_TogglePin
 *fill*         0x08003a22        0x2 
 .text.HAL_GPIO_EXTI_IRQHandler
                0x08003a24       0x30 ./Drivers/STM32F7xx_HAL_Driver/Src/stm32f7xx_hal_gpio.o
                0x08003a24                HAL_GPIO_EXTI_IRQHandler
 .text.HAL_GPIO_EXTI_Callback
                0x08003a54       0x16 ./Drivers/STM32F7xx_HAL_Driver/Src/stm32f7xx_hal_gpio.o
                0x08003a54                HAL_GPIO_EXTI_Callback
 *fill*         0x08003a6a        0x2 
 .text.HAL_I2C_Init
                0x08003a6c      0x138 ./Drivers/STM32F7xx_HAL_Driver/Src/stm32f7xx_hal_i2c.o
                0x08003a6c                HAL_I2C_Init
 .text.HAL_I2C_Mem_Write
                0x08003ba4      0x228 ./Drivers/STM32F7xx_HAL_Driver/Src/stm32f7xx_hal_i2c.o
                0x08003ba4                HAL_I2C_Mem_Write
 .text.HAL_I2C_Mem_Read
                0x08003dcc      0x234 ./Drivers/STM32F7xx_HAL_Driver/Src/stm32f7xx_hal_i2c.o
                0x08003dcc                HAL_I2C_Mem_Read
 .text.I2C_RequestMemoryWrite
                0x08004000       0xa8 ./Drivers/STM32F7xx_HAL_Driver/Src/stm32f7xx_hal_i2c.o
 .text.I2C_RequestMemoryRead
                0x080040a8       0xa8 ./Drivers/STM32F7xx_HAL_Driver/Src/stm32f7xx_hal_i2c.o
 .text.I2C_Flush_TXDR
                0x08004150       0x48 ./Drivers/STM32F7xx_HAL_Driver/Src/stm32f7xx_hal_i2c.o
 .text.I2C_WaitOnFlagUntilTimeout
                0x08004198       0xb2 ./Drivers/STM32F7xx_HAL_Driver/Src/stm32f7xx_hal_i2c.o
 .text.I2C_WaitOnTXISFlagUntilTimeout
                0x0800424a       0x8e ./Drivers/STM32F7xx_HAL_Driver/Src/stm32f7xx_hal_i2c.o
 .text.I2C_WaitOnSTOPFlagUntilTimeout
                0x080042d8       0x86 ./Drivers/STM32F7xx_HAL_Driver/Src/stm32f7xx_hal_i2c.o
 *fill*         0x0800435e        0x2 
 .text.I2C_IsErrorOccurred
                0x08004360      0x1c0 ./Drivers/STM32F7xx_HAL_Driver/Src/stm32f7xx_hal_i2c.o
 .text.I2C_TransferConfig
                0x08004520       0x64 ./Drivers/STM32F7xx_HAL_Driver/Src/stm32f7xx_hal_i2c.o
 .text.HAL_I2CEx_ConfigAnalogFilter
                0x08004584       0x96 ./Drivers/STM32F7xx_HAL_Driver/Src/stm32f7xx_hal_i2c_ex.o
                0x08004584                HAL_I2CEx_ConfigAnalogFilter
 .text.HAL_I2CEx_ConfigDigitalFilter
                0x0800461a       0x98 ./Drivers/STM32F7xx_HAL_Driver/Src/stm32f7xx_hal_i2c_ex.o
                0x0800461a                HAL_I2CEx_ConfigDigitalFilter
 *fill*         0x080046b2        0x2 
 .text.HAL_PWREx_EnableOverDrive
                0x080046b4       0xa0 ./Drivers/STM32F7xx_HAL_Driver/Src/stm32f7xx_hal_pwr_ex.o
                0x080046b4                HAL_PWREx_EnableOverDrive
 .text.HAL_RCC_OscConfig
                0x08004754      0x55c ./Drivers/STM32F7xx_HAL_Driver/Src/stm32f7xx_hal_rcc.o
                0x08004754                HAL_RCC_OscConfig
 .text.HAL_RCC_ClockConfig
                0x08004cb0      0x1d8 ./Drivers/STM32F7xx_HAL_Driver/Src/stm32f7xx_hal_rcc.o
                0x08004cb0                HAL_RCC_ClockConfig
 .text.HAL_RCC_GetSysClockFreq
                0x08004e88      0x18c ./Drivers/STM32F7xx_HAL_Driver/Src/stm32f7xx_hal_rcc.o
                0x08004e88                HAL_RCC_GetSysClockFreq
 .text.HAL_RCCEx_PeriphCLKConfig
                0x08005014      0x850 ./Drivers/STM32F7xx_HAL_Driver/Src/stm32f7xx_hal_rcc_ex.o
                0x08005014                HAL_RCCEx_PeriphCLKConfig
 .text.HAL_SPI_Init
                0x08005864      0x156 ./Drivers/STM32F7xx_HAL_Driver/Src/stm32f7xx_hal_spi.o
                0x08005864                HAL_SPI_Init
 .text.HAL_SPI_Transmit
                0x080059ba      0x2ec ./Drivers/STM32F7xx_HAL_Driver/Src/stm32f7xx_hal_spi.o
                0x080059ba                HAL_SPI_Transmit
 *fill*         0x08005ca6        0x2 
 .text.SPI_WaitFlagStateUntilTimeout
                0x08005ca8      0x110 ./Drivers/STM32F7xx_HAL_Driver/Src/stm32f7xx_hal_spi.o
 .text.SPI_WaitFifoStateUntilTimeout
                0x08005db8      0x12c ./Drivers/STM32F7xx_HAL_Driver/Src/stm32f7xx_hal_spi.o
 .text.SPI_EndRxTxTransaction
                0x08005ee4       0xd4 ./Drivers/STM32F7xx_HAL_Driver/Src/stm32f7xx_hal_spi.o
 .text.HAL_TIM_Base_Init
                0x08005fb8       0xae ./Drivers/STM32F7xx_HAL_Driver/Src/stm32f7xx_hal_tim.o
                0x08005fb8                HAL_TIM_Base_Init
 *fill*         0x08006066        0x2 
 .text.HAL_TIM_Base_Start
                0x08006068       0xe0 ./Drivers/STM32F7xx_HAL_Driver/Src/stm32f7xx_hal_tim.o
                0x08006068                HAL_TIM_Base_Start
 .text.HAL_TIM_Base_Start_IT
                0x08006148       0xf0 ./Drivers/STM32F7xx_HAL_Driver/Src/stm32f7xx_hal_tim.o
                0x08006148                HAL_TIM_Base_Start_IT
 .text.HAL_TIM_IRQHandler
                0x08006238      0x20e ./Drivers/STM32F7xx_HAL_Driver/Src/stm32f7xx_hal_tim.o
                0x08006238                HAL_TIM_IRQHandler
 *fill*         0x08006446        0x2 
 .text.HAL_TIM_ConfigClockSource
                0x08006448      0x194 ./Drivers/STM32F7xx_HAL_Driver/Src/stm32f7xx_hal_tim.o
                0x08006448                HAL_TIM_ConfigClockSource
 .text.HAL_TIM_OC_DelayElapsedCallback
                0x080065dc       0x14 ./Drivers/STM32F7xx_HAL_Driver/Src/stm32f7xx_hal_tim.o
                0x080065dc                HAL_TIM_OC_DelayElapsedCallback
 .text.HAL_TIM_IC_CaptureCallback
                0x080065f0       0x14 ./Drivers/STM32F7xx_HAL_Driver/Src/stm32f7xx_hal_tim.o
                0x080065f0                HAL_TIM_IC_CaptureCallback
 .text.HAL_TIM_PWM_PulseFinishedCallback
                0x08006604       0x14 ./Drivers/STM32F7xx_HAL_Driver/Src/stm32f7xx_hal_tim.o
                0x08006604                HAL_TIM_PWM_PulseFinishedCallback
 .text.HAL_TIM_TriggerCallback
                0x08006618       0x14 ./Drivers/STM32F7xx_HAL_Driver/Src/stm32f7xx_hal_tim.o
                0x08006618                HAL_TIM_TriggerCallback
 .text.TIM_Base_SetConfig
                0x0800662c      0x14c ./Drivers/STM32F7xx_HAL_Driver/Src/stm32f7xx_hal_tim.o
                0x0800662c                TIM_Base_SetConfig
 .text.TIM_TI1_ConfigInputStage
                0x08006778       0x5e ./Drivers/STM32F7xx_HAL_Driver/Src/stm32f7xx_hal_tim.o
 .text.TIM_TI2_ConfigInputStage
                0x080067d6       0x60 ./Drivers/STM32F7xx_HAL_Driver/Src/stm32f7xx_hal_tim.o
 .text.TIM_ITRx_SetConfig
                0x08006836       0x36 ./Drivers/STM32F7xx_HAL_Driver/Src/stm32f7xx_hal_tim.o
 .text.TIM_ETR_SetConfig
                0x0800686c       0x40 ./Drivers/STM32F7xx_HAL_Driver/Src/stm32f7xx_hal_tim.o
                0x0800686c                TIM_ETR_SetConfig
 .text.HAL_TIMEx_MasterConfigSynchronization
                0x080068ac      0x11c ./Drivers/STM32F7xx_HAL_Driver/Src/stm32f7xx_hal_tim_ex.o
                0x080068ac                HAL_TIMEx_MasterConfigSynchronization
 .text.HAL_TIMEx_CommutCallback
                0x080069c8       0x14 ./Drivers/STM32F7xx_HAL_Driver/Src/stm32f7xx_hal_tim_ex.o
                0x080069c8                HAL_TIMEx_CommutCallback
 .text.HAL_TIMEx_BreakCallback
                0x080069dc       0x14 ./Drivers/STM32F7xx_HAL_Driver/Src/stm32f7xx_hal_tim_ex.o
                0x080069dc                HAL_TIMEx_BreakCallback
 .text.HAL_TIMEx_Break2Callback
                0x080069f0       0x14 ./Drivers/STM32F7xx_HAL_Driver/Src/stm32f7xx_hal_tim_ex.o
                0x080069f0                HAL_TIMEx_Break2Callback
 .text.memset   0x08006a04       0x10 C:/ST/STM32CubeIDE_1.19.0/STM32CubeIDE/plugins/com.st.stm32cube.ide.mcu.externaltools.gnu-tools-for-stm32.13.3.rel1.win32_1.0.0.202411081344/tools/bin/../lib/gcc/arm-none-eabi/13.3.1/../../../../arm-none-eabi/lib/thumb/v7e-m+dp/hard\libc_nano.a(libc_a-memset.o)
                0x08006a04                memset
 .text.__errno  0x08006a14        0xc C:/ST/STM32CubeIDE_1.19.0/STM32CubeIDE/plugins/com.st.stm32cube.ide.mcu.externaltools.gnu-tools-for-stm32.13.3.rel1.win32_1.0.0.202411081344/tools/bin/../lib/gcc/arm-none-eabi/13.3.1/../../../../arm-none-eabi/lib/thumb/v7e-m+dp/hard\libc_nano.a(libc_a-errno.o)
                0x08006a14                __errno
 .text.__libc_init_array
                0x08006a20       0x48 C:/ST/STM32CubeIDE_1.19.0/STM32CubeIDE/plugins/com.st.stm32cube.ide.mcu.externaltools.gnu-tools-for-stm32.13.3.rel1.win32_1.0.0.202411081344/tools/bin/../lib/gcc/arm-none-eabi/13.3.1/../../../../arm-none-eabi/lib/thumb/v7e-m+dp/hard\libc_nano.a(libc_a-init.o)
                0x08006a20                __libc_init_array
 .text.checkint
                0x08006a68       0x2e C:/ST/STM32CubeIDE_1.19.0/STM32CubeIDE/plugins/com.st.stm32cube.ide.mcu.externaltools.gnu-tools-for-stm32.13.3.rel1.win32_1.0.0.202411081344/tools/bin/../lib/gcc/arm-none-eabi/13.3.1/../../../../arm-none-eabi/lib/thumb/v7e-m+dp/hard\libm.a(libm_a-sf_pow.o)
 *fill*         0x08006a96        0x2 
 .text.powf     0x08006a98      0x2c0 C:/ST/STM32CubeIDE_1.19.0/STM32CubeIDE/plugins/com.st.stm32cube.ide.mcu.externaltools.gnu-tools-for-stm32.13.3.rel1.win32_1.0.0.202411081344/tools/bin/../lib/gcc/arm-none-eabi/13.3.1/../../../../arm-none-eabi/lib/thumb/v7e-m+dp/hard\libm.a(libm_a-sf_pow.o)
                0x08006a98                powf
 .text.with_errnof
                0x08006d58       0x1c C:/ST/STM32CubeIDE_1.19.0/STM32CubeIDE/plugins/com.st.stm32cube.ide.mcu.externaltools.gnu-tools-for-stm32.13.3.rel1.win32_1.0.0.202411081344/tools/bin/../lib/gcc/arm-none-eabi/13.3.1/../../../../arm-none-eabi/lib/thumb/v7e-m+dp/hard\libm.a(libm_a-math_errf.o)
 .text.xflowf   0x08006d74       0x16 C:/ST/STM32CubeIDE_1.19.0/STM32CubeIDE/plugins/com.st.stm32cube.ide.mcu.externaltools.gnu-tools-for-stm32.13.3.rel1.win32_1.0.0.202411081344/tools/bin/../lib/gcc/arm-none-eabi/13.3.1/../../../../arm-none-eabi/lib/thumb/v7e-m+dp/hard\libm.a(libm_a-math_errf.o)
 *fill*         0x08006d8a        0x2 
 .text.__math_uflowf
                0x08006d8c        0xc C:/ST/STM32CubeIDE_1.19.0/STM32CubeIDE/plugins/com.st.stm32cube.ide.mcu.externaltools.gnu-tools-for-stm32.13.3.rel1.win32_1.0.0.202411081344/tools/bin/../lib/gcc/arm-none-eabi/13.3.1/../../../../arm-none-eabi/lib/thumb/v7e-m+dp/hard\libm.a(libm_a-math_errf.o)
                0x08006d8c                __math_uflowf
 .text.__math_may_uflowf
                0x08006d98        0xc C:/ST/STM32CubeIDE_1.19.0/STM32CubeIDE/plugins/com.st.stm32cube.ide.mcu.externaltools.gnu-tools-for-stm32.13.3.rel1.win32_1.0.0.202411081344/tools/bin/../lib/gcc/arm-none-eabi/13.3.1/../../../../arm-none-eabi/lib/thumb/v7e-m+dp/hard\libm.a(libm_a-math_errf.o)
                0x08006d98                __math_may_uflowf
 .text.__math_oflowf
                0x08006da4        0xc C:/ST/STM32CubeIDE_1.19.0/STM32CubeIDE/plugins/com.st.stm32cube.ide.mcu.externaltools.gnu-tools-for-stm32.13.3.rel1.win32_1.0.0.202411081344/tools/bin/../lib/gcc/arm-none-eabi/13.3.1/../../../../arm-none-eabi/lib/thumb/v7e-m+dp/hard\libm.a(libm_a-math_errf.o)
                0x08006da4                __math_oflowf
 .text.__math_divzerof
                0x08006db0       0x24 C:/ST/STM32CubeIDE_1.19.0/STM32CubeIDE/plugins/com.st.stm32cube.ide.mcu.externaltools.gnu-tools-for-stm32.13.3.rel1.win32_1.0.0.202411081344/tools/bin/../lib/gcc/arm-none-eabi/13.3.1/../../../../arm-none-eabi/lib/thumb/v7e-m+dp/hard\libm.a(libm_a-math_errf.o)
                0x08006db0                __math_divzerof
 .text.__math_invalidf
                0x08006dd4       0x1e C:/ST/STM32CubeIDE_1.19.0/STM32CubeIDE/plugins/com.st.stm32cube.ide.mcu.externaltools.gnu-tools-for-stm32.13.3.rel1.win32_1.0.0.202411081344/tools/bin/../lib/gcc/arm-none-eabi/13.3.1/../../../../arm-none-eabi/lib/thumb/v7e-m+dp/hard\libm.a(libm_a-math_errf.o)
                0x08006dd4                __math_invalidf
 *(.glue_7)
 .glue_7        0x08006df2        0x0 linker stubs
 *(.glue_7t)
 .glue_7t       0x08006df2        0x0 linker stubs
 *(.eh_frame)
 *fill*         0x08006df2        0x2 
 .eh_frame      0x08006df4        0x0 C:/ST/STM32CubeIDE_1.19.0/STM32CubeIDE/plugins/com.st.stm32cube.ide.mcu.externaltools.gnu-tools-for-stm32.13.3.rel1.win32_1.0.0.202411081344/tools/bin/../lib/gcc/arm-none-eabi/13.3.1/thumb/v7e-m+dp/hard/crtbegin.o
 *(.init)
 .init          0x08006df4        0x4 C:/ST/STM32CubeIDE_1.19.0/STM32CubeIDE/plugins/com.st.stm32cube.ide.mcu.externaltools.gnu-tools-for-stm32.13.3.rel1.win32_1.0.0.202411081344/tools/bin/../lib/gcc/arm-none-eabi/13.3.1/thumb/v7e-m+dp/hard/crti.o
                0x08006df4                _init
 .init          0x08006df8        0x8 C:/ST/STM32CubeIDE_1.19.0/STM32CubeIDE/plugins/com.st.stm32cube.ide.mcu.externaltools.gnu-tools-for-stm32.13.3.rel1.win32_1.0.0.202411081344/tools/bin/../lib/gcc/arm-none-eabi/13.3.1/thumb/v7e-m+dp/hard/crtn.o
 *(.fini)
 .fini          0x08006e00        0x4 C:/ST/STM32CubeIDE_1.19.0/STM32CubeIDE/plugins/com.st.stm32cube.ide.mcu.externaltools.gnu-tools-for-stm32.13.3.rel1.win32_1.0.0.202411081344/tools/bin/../lib/gcc/arm-none-eabi/13.3.1/thumb/v7e-m+dp/hard/crti.o
                0x08006e00                _fini
 .fini          0x08006e04        0x8 C:/ST/STM32CubeIDE_1.19.0/STM32CubeIDE/plugins/com.st.stm32cube.ide.mcu.externaltools.gnu-tools-for-stm32.13.3.rel1.win32_1.0.0.202411081344/tools/bin/../lib/gcc/arm-none-eabi/13.3.1/thumb/v7e-m+dp/hard/crtn.o
                0x08006e0c                        . = ALIGN (0x4)
                0x08006e0c                        _etext = .

.vfp11_veneer   0x08006e0c        0x0
 .vfp11_veneer  0x08006e0c        0x0 linker stubs

.v4_bx          0x08006e0c        0x0
 .v4_bx         0x08006e0c        0x0 linker stubs

.iplt           0x08006e0c        0x0
 .iplt          0x08006e0c        0x0 C:/ST/STM32CubeIDE_1.19.0/STM32CubeIDE/plugins/com.st.stm32cube.ide.mcu.externaltools.gnu-tools-for-stm32.13.3.rel1.win32_1.0.0.202411081344/tools/bin/../lib/gcc/arm-none-eabi/13.3.1/thumb/v7e-m+dp/hard/crtbegin.o

.rodata         0x08006e10      0x5b0
                0x08006e10                        . = ALIGN (0x4)
 *(.rodata)
 .rodata        0x08006e10       0x75 ./Core/Src/oled.o
 *(.rodata*)
 *fill*         0x08006e85        0x3 
 .rodata.font8x8
                0x08006e88      0x1f8 ./Core/Src/font.o
                0x08006e88                font8x8
 .rodata.emoji16_excellent
                0x08007080       0x20 ./Core/Src/font.o
                0x08007080                emoji16_excellent
 .rodata.emoji16_good
                0x080070a0       0x20 ./Core/Src/font.o
                0x080070a0                emoji16_good
 .rodata.emoji16_moderate
                0x080070c0       0x20 ./Core/Src/font.o
                0x080070c0                emoji16_moderate
 .rodata.emoji16_poor
                0x080070e0       0x20 ./Core/Src/font.o
                0x080070e0                emoji16_poor
 .rodata.emoji16_bad
                0x08007100       0x20 ./Core/Src/font.o
                0x08007100                emoji16_bad
 .rodata.emoji16_hazardous
                0x08007120       0x20 ./Core/Src/font.o
                0x08007120                emoji16_hazardous
 .rodata.AHBPrescTable
                0x08007140       0x10 ./Core/Src/system_stm32f7xx.o
                0x08007140                AHBPrescTable
 .rodata.__exp2f_data
                0x08007150      0x148 C:/ST/STM32CubeIDE_1.19.0/STM32CubeIDE/plugins/com.st.stm32cube.ide.mcu.externaltools.gnu-tools-for-stm32.13.3.rel1.win32_1.0.0.202411081344/tools/bin/../lib/gcc/arm-none-eabi/13.3.1/../../../../arm-none-eabi/lib/thumb/v7e-m+dp/hard\libm.a(libm_a-sf_exp2_data.o)
                0x08007150                __exp2f_data
 .rodata.__powf_log2_data
                0x08007298      0x128 C:/ST/STM32CubeIDE_1.19.0/STM32CubeIDE/plugins/com.st.stm32cube.ide.mcu.externaltools.gnu-tools-for-stm32.13.3.rel1.win32_1.0.0.202411081344/tools/bin/../lib/gcc/arm-none-eabi/13.3.1/../../../../arm-none-eabi/lib/thumb/v7e-m+dp/hard\libm.a(libm_a-sf_pow_log2_data.o)
                0x08007298                __powf_log2_data
                0x080073c0                        . = ALIGN (0x4)

.ARM.extab      0x080073c0        0x0
                0x080073c0                        . = ALIGN (0x4)
 *(.ARM.extab* .gnu.linkonce.armextab.*)
                0x080073c0                        . = ALIGN (0x4)

.ARM            0x080073c0        0x8
                0x080073c0                        . = ALIGN (0x4)
                0x080073c0                        __exidx_start = .
 *(.ARM.exidx*)
 .ARM.exidx     0x080073c0        0x8 C:/ST/STM32CubeIDE_1.19.0/STM32CubeIDE/plugins/com.st.stm32cube.ide.mcu.externaltools.gnu-tools-for-stm32.13.3.rel1.win32_1.0.0.202411081344/tools/bin/../lib/gcc/arm-none-eabi/13.3.1/thumb/v7e-m+dp/hard\libgcc.a(_udivmoddi4.o)
                0x080073c8                        __exidx_end = .
                0x080073c8                        . = ALIGN (0x4)

.preinit_array  0x080073c8        0x0
                0x080073c8                        . = ALIGN (0x4)
                0x080073c8                        PROVIDE (__preinit_array_start = .)
 *(.preinit_array*)
                0x080073c8                        PROVIDE (__preinit_array_end = .)
                0x080073c8                        . = ALIGN (0x4)

.init_array     0x080073c8        0x4
                0x080073c8                        . = ALIGN (0x4)
                0x080073c8                        PROVIDE (__init_array_start = .)
 *(SORT_BY_NAME(.init_array.*))
 *(.init_array*)
 .init_array    0x080073c8        0x4 C:/ST/STM32CubeIDE_1.19.0/STM32CubeIDE/plugins/com.st.stm32cube.ide.mcu.externaltools.gnu-tools-for-stm32.13.3.rel1.win32_1.0.0.202411081344/tools/bin/../lib/gcc/arm-none-eabi/13.3.1/thumb/v7e-m+dp/hard/crtbegin.o
                0x080073cc                        PROVIDE (__init_array_end = .)
                0x080073cc                        . = ALIGN (0x4)

.fini_array     0x080073cc        0x4
                0x080073cc                        . = ALIGN (0x4)
                [!provide]                        PROVIDE (__fini_array_start = .)
 *(SORT_BY_NAME(.fini_array.*))
 *(.fini_array*)
 .fini_array    0x080073cc        0x4 C:/ST/STM32CubeIDE_1.19.0/STM32CubeIDE/plugins/com.st.stm32cube.ide.mcu.externaltools.gnu-tools-for-stm32.13.3.rel1.win32_1.0.0.202411081344/tools/bin/../lib/gcc/arm-none-eabi/13.3.1/thumb/v7e-m+dp/hard/crtbegin.o
                [!provide]                        PROVIDE (__fini_array_end = .)
                0x080073d0                        . = ALIGN (0x4)
                0x080073d0                        _sidata = LOADADDR (.data)

.rel.dyn        0x080073d0        0x0
 .rel.iplt      0x080073d0        0x0 C:/ST/STM32CubeIDE_1.19.0/STM32CubeIDE/plugins/com.st.stm32cube.ide.mcu.externaltools.gnu-tools-for-stm32.13.3.rel1.win32_1.0.0.202411081344/tools/bin/../lib/gcc/arm-none-eabi/13.3.1/thumb/v7e-m+dp/hard/crtbegin.o

.data           0x20000000       0x5c load address 0x080073d0
                0x20000000                        . = ALIGN (0x4)
                0x20000000                        _sdata = .
 *(.data)
 *(.data*)
 .data.SystemCoreClock
                0x20000000        0x4 ./Core/Src/system_stm32f7xx.o
                0x20000000                SystemCoreClock
 .data.uwTickPrio
                0x20000004        0x4 ./Drivers/STM32F7xx_HAL_Driver/Src/stm32f7xx_hal.o
                0x20000004                uwTickPrio
 .data.uwTickFreq
                0x20000008        0x1 ./Drivers/STM32F7xx_HAL_Driver/Src/stm32f7xx_hal.o
                0x20000008                uwTickFreq
 *fill*         0x20000009        0x3 
 .data._impure_ptr
                0x2000000c        0x4 C:/ST/STM32CubeIDE_1.19.0/STM32CubeIDE/plugins/com.st.stm32cube.ide.mcu.externaltools.gnu-tools-for-stm32.13.3.rel1.win32_1.0.0.202411081344/tools/bin/../lib/gcc/arm-none-eabi/13.3.1/../../../../arm-none-eabi/lib/thumb/v7e-m+dp/hard\libc_nano.a(libc_a-impure.o)
                0x2000000c                _impure_ptr
 .data._impure_data
                0x20000010       0x4c C:/ST/STM32CubeIDE_1.19.0/STM32CubeIDE/plugins/com.st.stm32cube.ide.mcu.externaltools.gnu-tools-for-stm32.13.3.rel1.win32_1.0.0.202411081344/tools/bin/../lib/gcc/arm-none-eabi/13.3.1/../../../../arm-none-eabi/lib/thumb/v7e-m+dp/hard\libc_nano.a(libc_a-impure.o)
                0x20000010                _impure_data
 *(.RamFunc)
 *(.RamFunc*)
                0x2000005c                        . = ALIGN (0x4)
                0x2000005c                        _edata = .

.igot.plt       0x2000005c        0x0 load address 0x0800742c
 .igot.plt      0x2000005c        0x0 C:/ST/STM32CubeIDE_1.19.0/STM32CubeIDE/plugins/com.st.stm32cube.ide.mcu.externaltools.gnu-tools-for-stm32.13.3.rel1.win32_1.0.0.202411081344/tools/bin/../lib/gcc/arm-none-eabi/13.3.1/thumb/v7e-m+dp/hard/crtbegin.o
                0x2000005c                        . = ALIGN (0x4)

.bss            0x2000005c      0x364 load address 0x0800742c
                0x2000005c                        _sbss = .
                0x2000005c                        __bss_start__ = _sbss
 *(.bss)
 .bss           0x2000005c       0x1c C:/ST/STM32CubeIDE_1.19.0/STM32CubeIDE/plugins/com.st.stm32cube.ide.mcu.externaltools.gnu-tools-for-stm32.13.3.rel1.win32_1.0.0.202411081344/tools/bin/../lib/gcc/arm-none-eabi/13.3.1/thumb/v7e-m+dp/hard/crtbegin.o
 *(.bss*)
 .bss.dig_T1    0x20000078        0x2 ./Core/Src/bmp280.o
                0x20000078                dig_T1
 .bss.dig_T2    0x2000007a        0x2 ./Core/Src/bmp280.o
                0x2000007a                dig_T2
 .bss.dig_T3    0x2000007c        0x2 ./Core/Src/bmp280.o
                0x2000007c                dig_T3
 .bss.dig_P1    0x2000007e        0x2 ./Core/Src/bmp280.o
                0x2000007e                dig_P1
 .bss.dig_P2    0x20000080        0x2 ./Core/Src/bmp280.o
                0x20000080                dig_P2
 .bss.dig_P3    0x20000082        0x2 ./Core/Src/bmp280.o
                0x20000082                dig_P3
 .bss.dig_P4    0x20000084        0x2 ./Core/Src/bmp280.o
                0x20000084                dig_P4
 .bss.dig_P5    0x20000086        0x2 ./Core/Src/bmp280.o
                0x20000086                dig_P5
 .bss.dig_P6    0x20000088        0x2 ./Core/Src/bmp280.o
                0x20000088                dig_P6
 .bss.dig_P7    0x2000008a        0x2 ./Core/Src/bmp280.o
                0x2000008a                dig_P7
 .bss.dig_P8    0x2000008c        0x2 ./Core/Src/bmp280.o
                0x2000008c                dig_P8
 .bss.dig_P9    0x2000008e        0x2 ./Core/Src/bmp280.o
                0x2000008e                dig_P9
 .bss.t_fine    0x20000090        0x4 ./Core/Src/bmp280.o
                0x20000090                t_fine
 .bss.DHT11_Data
                0x20000094        0x5 ./Core/Src/dht11.o
                0x20000094                DHT11_Data
 *fill*         0x20000099        0x3 
 .bss.flag_first.2
                0x2000009c        0x4 ./Core/Src/dust_sensor.o
 .bss.sum.1     0x200000a0        0x4 ./Core/Src/dust_sensor.o
 .bss._buff.0   0x200000a4       0x28 ./Core/Src/dust_sensor.o
 .bss.hadc1     0x200000cc       0x48 ./Core/Src/main.o
                0x200000cc                hadc1
 .bss.hi2c1     0x20000114       0x54 ./Core/Src/main.o
                0x20000114                hi2c1
 .bss.hspi1     0x20000168       0x64 ./Core/Src/main.o
                0x20000168                hspi1
 .bss.htim1     0x200001cc       0x4c ./Core/Src/main.o
                0x200001cc                htim1
 .bss.htim2     0x20000218       0x4c ./Core/Src/main.o
                0x20000218                htim2
 .bss.tem       0x20000264        0x4 ./Core/Src/main.o
                0x20000264                tem
 .bss.hum       0x20000268        0x4 ./Core/Src/main.o
                0x20000268                hum
 .bss.psi       0x2000026c        0x4 ./Core/Src/main.o
                0x2000026c                psi
 .bss.psi_w     0x20000270        0x4 ./Core/Src/main.o
                0x20000270                psi_w
 .bss.tempBMP   0x20000274        0x4 ./Core/Src/main.o
                0x20000274                tempBMP
 .bss.dustVoltage
                0x20000278        0x4 ./Core/Src/main.o
                0x20000278                dustVoltage
 .bss.dustDensity
                0x2000027c        0x4 ./Core/Src/main.o
                0x2000027c                dustDensity
 .bss.update_flag
                0x20000280        0x1 ./Core/Src/stm32f7xx_it.o
                0x20000280                update_flag
 *fill*         0x20000281        0x3 
 .bss.uwTick    0x20000284        0x4 ./Drivers/STM32F7xx_HAL_Driver/Src/stm32f7xx_hal.o
                0x20000284                uwTick
 .bss.__sf      0x20000288      0x138 C:/ST/STM32CubeIDE_1.19.0/STM32CubeIDE/plugins/com.st.stm32cube.ide.mcu.externaltools.gnu-tools-for-stm32.13.3.rel1.win32_1.0.0.202411081344/tools/bin/../lib/gcc/arm-none-eabi/13.3.1/../../../../arm-none-eabi/lib/thumb/v7e-m+dp/hard\libc_nano.a(libc_a-findfp.o)
                0x20000288                __sf
 *(COMMON)
                0x200003c0                        . = ALIGN (0x4)
                0x200003c0                        _ebss = .
                0x200003c0                        __bss_end__ = _ebss

._user_heap_stack
                0x200003c0      0x600 load address 0x0800742c
                0x200003c0                        . = ALIGN (0x8)
                [!provide]                        PROVIDE (end = .)
                0x200003c0                        PROVIDE (_end = .)
                0x200005c0                        . = (. + _Min_Heap_Size)
 *fill*         0x200003c0      0x200 
                0x200009c0                        . = (. + _Min_Stack_Size)
 *fill*         0x200005c0      0x400 
                0x200009c0                        . = ALIGN (0x8)

/DISCARD/
 libc.a(*)
 libm.a(*)
 libgcc.a(*)

.ARM.attributes
                0x00000000       0x2e
 *(.ARM.attributes)
 .ARM.attributes
                0x00000000       0x20 C:/ST/STM32CubeIDE_1.19.0/STM32CubeIDE/plugins/com.st.stm32cube.ide.mcu.externaltools.gnu-tools-for-stm32.13.3.rel1.win32_1.0.0.202411081344/tools/bin/../lib/gcc/arm-none-eabi/13.3.1/thumb/v7e-m+dp/hard/crti.o
 .ARM.attributes
                0x00000020       0x32 C:/ST/STM32CubeIDE_1.19.0/STM32CubeIDE/plugins/com.st.stm32cube.ide.mcu.externaltools.gnu-tools-for-stm32.13.3.rel1.win32_1.0.0.202411081344/tools/bin/../lib/gcc/arm-none-eabi/13.3.1/thumb/v7e-m+dp/hard/crtbegin.o
 .ARM.attributes
                0x00000052       0x32 ./Core/Src/bmp280.o
 .ARM.attributes
                0x00000084       0x32 ./Core/Src/dht11.o
 .ARM.attributes
                0x000000b6       0x32 ./Core/Src/dust_sensor.o
 .ARM.attributes
                0x000000e8       0x32 ./Core/Src/font.o
 .ARM.attributes
                0x0000011a       0x32 ./Core/Src/main.o
 .ARM.attributes
                0x0000014c       0x32 ./Core/Src/oled.o
 .ARM.attributes
                0x0000017e       0x32 ./Core/Src/stm32f7xx_hal_msp.o
 .ARM.attributes
                0x000001b0       0x32 ./Core/Src/stm32f7xx_it.o
 .ARM.attributes
                0x000001e2       0x32 ./Core/Src/system_stm32f7xx.o
 .ARM.attributes
                0x00000214       0x21 ./Core/Startup/startup_stm32f767zitx.o
 .ARM.attributes
                0x00000235       0x32 ./Drivers/STM32F7xx_HAL_Driver/Src/stm32f7xx_hal.o
 .ARM.attributes
                0x00000267       0x32 ./Drivers/STM32F7xx_HAL_Driver/Src/stm32f7xx_hal_adc.o
 .ARM.attributes
                0x00000299       0x32 ./Drivers/STM32F7xx_HAL_Driver/Src/stm32f7xx_hal_cortex.o
 .ARM.attributes
                0x000002cb       0x32 ./Drivers/STM32F7xx_HAL_Driver/Src/stm32f7xx_hal_gpio.o
 .ARM.attributes
                0x000002fd       0x32 ./Drivers/STM32F7xx_HAL_Driver/Src/stm32f7xx_hal_i2c.o
 .ARM.attributes
                0x0000032f       0x32 ./Drivers/STM32F7xx_HAL_Driver/Src/stm32f7xx_hal_i2c_ex.o
 .ARM.attributes
                0x00000361       0x32 ./Drivers/STM32F7xx_HAL_Driver/Src/stm32f7xx_hal_pwr_ex.o
 .ARM.attributes
                0x00000393       0x32 ./Drivers/STM32F7xx_HAL_Driver/Src/stm32f7xx_hal_rcc.o
 .ARM.attributes
                0x000003c5       0x32 ./Drivers/STM32F7xx_HAL_Driver/Src/stm32f7xx_hal_rcc_ex.o
 .ARM.attributes
                0x000003f7       0x32 ./Drivers/STM32F7xx_HAL_Driver/Src/stm32f7xx_hal_spi.o
 .ARM.attributes
                0x00000429       0x32 ./Drivers/STM32F7xx_HAL_Driver/Src/stm32f7xx_hal_tim.o
 .ARM.attributes
                0x0000045b       0x32 ./Drivers/STM32F7xx_HAL_Driver/Src/stm32f7xx_hal_tim_ex.o
 .ARM.attributes
                0x0000048d       0x32 C:/ST/STM32CubeIDE_1.19.0/STM32CubeIDE/plugins/com.st.stm32cube.ide.mcu.externaltools.gnu-tools-for-stm32.13.3.rel1.win32_1.0.0.202411081344/tools/bin/../lib/gcc/arm-none-eabi/13.3.1/../../../../arm-none-eabi/lib/thumb/v7e-m+dp/hard\libc_nano.a(libc_a-findfp.o)
 .ARM.attributes
                0x000004bf       0x32 C:/ST/STM32CubeIDE_1.19.0/STM32CubeIDE/plugins/com.st.stm32cube.ide.mcu.externaltools.gnu-tools-for-stm32.13.3.rel1.win32_1.0.0.202411081344/tools/bin/../lib/gcc/arm-none-eabi/13.3.1/../../../../arm-none-eabi/lib/thumb/v7e-m+dp/hard\libc_nano.a(libc_a-memset.o)
 .ARM.attributes
                0x000004f1       0x32 C:/ST/STM32CubeIDE_1.19.0/STM32CubeIDE/plugins/com.st.stm32cube.ide.mcu.externaltools.gnu-tools-for-stm32.13.3.rel1.win32_1.0.0.202411081344/tools/bin/../lib/gcc/arm-none-eabi/13.3.1/../../../../arm-none-eabi/lib/thumb/v7e-m+dp/hard\libc_nano.a(libc_a-impure.o)
 .ARM.attributes
                0x00000523       0x32 C:/ST/STM32CubeIDE_1.19.0/STM32CubeIDE/plugins/com.st.stm32cube.ide.mcu.externaltools.gnu-tools-for-stm32.13.3.rel1.win32_1.0.0.202411081344/tools/bin/../lib/gcc/arm-none-eabi/13.3.1/../../../../arm-none-eabi/lib/thumb/v7e-m+dp/hard\libc_nano.a(libc_a-errno.o)
 .ARM.attributes
                0x00000555       0x32 C:/ST/STM32CubeIDE_1.19.0/STM32CubeIDE/plugins/com.st.stm32cube.ide.mcu.externaltools.gnu-tools-for-stm32.13.3.rel1.win32_1.0.0.202411081344/tools/bin/../lib/gcc/arm-none-eabi/13.3.1/../../../../arm-none-eabi/lib/thumb/v7e-m+dp/hard\libc_nano.a(libc_a-init.o)
 .ARM.attributes
                0x00000587       0x32 C:/ST/STM32CubeIDE_1.19.0/STM32CubeIDE/plugins/com.st.stm32cube.ide.mcu.externaltools.gnu-tools-for-stm32.13.3.rel1.win32_1.0.0.202411081344/tools/bin/../lib/gcc/arm-none-eabi/13.3.1/../../../../arm-none-eabi/lib/thumb/v7e-m+dp/hard\libm.a(libm_a-sf_pow.o)
 .ARM.attributes
                0x000005b9       0x32 C:/ST/STM32CubeIDE_1.19.0/STM32CubeIDE/plugins/com.st.stm32cube.ide.mcu.externaltools.gnu-tools-for-stm32.13.3.rel1.win32_1.0.0.202411081344/tools/bin/../lib/gcc/arm-none-eabi/13.3.1/../../../../arm-none-eabi/lib/thumb/v7e-m+dp/hard\libm.a(libm_a-math_errf.o)
 .ARM.attributes
                0x000005eb       0x32 C:/ST/STM32CubeIDE_1.19.0/STM32CubeIDE/plugins/com.st.stm32cube.ide.mcu.externaltools.gnu-tools-for-stm32.13.3.rel1.win32_1.0.0.202411081344/tools/bin/../lib/gcc/arm-none-eabi/13.3.1/../../../../arm-none-eabi/lib/thumb/v7e-m+dp/hard\libm.a(libm_a-sf_exp2_data.o)
 .ARM.attributes
                0x0000061d       0x32 C:/ST/STM32CubeIDE_1.19.0/STM32CubeIDE/plugins/com.st.stm32cube.ide.mcu.externaltools.gnu-tools-for-stm32.13.3.rel1.win32_1.0.0.202411081344/tools/bin/../lib/gcc/arm-none-eabi/13.3.1/../../../../arm-none-eabi/lib/thumb/v7e-m+dp/hard\libm.a(libm_a-sf_pow_log2_data.o)
 .ARM.attributes
                0x0000064f       0x20 C:/ST/STM32CubeIDE_1.19.0/STM32CubeIDE/plugins/com.st.stm32cube.ide.mcu.externaltools.gnu-tools-for-stm32.13.3.rel1.win32_1.0.0.202411081344/tools/bin/../lib/gcc/arm-none-eabi/13.3.1/thumb/v7e-m+dp/hard\libgcc.a(_arm_addsubsf3.o)
 .ARM.attributes
                0x0000066f       0x20 C:/ST/STM32CubeIDE_1.19.0/STM32CubeIDE/plugins/com.st.stm32cube.ide.mcu.externaltools.gnu-tools-for-stm32.13.3.rel1.win32_1.0.0.202411081344/tools/bin/../lib/gcc/arm-none-eabi/13.3.1/thumb/v7e-m+dp/hard\libgcc.a(_aeabi_ldivmod.o)
 .ARM.attributes
                0x0000068f       0x20 C:/ST/STM32CubeIDE_1.19.0/STM32CubeIDE/plugins/com.st.stm32cube.ide.mcu.externaltools.gnu-tools-for-stm32.13.3.rel1.win32_1.0.0.202411081344/tools/bin/../lib/gcc/arm-none-eabi/13.3.1/thumb/v7e-m+dp/hard\libgcc.a(_aeabi_uldivmod.o)
 .ARM.attributes
                0x000006af       0x32 C:/ST/STM32CubeIDE_1.19.0/STM32CubeIDE/plugins/com.st.stm32cube.ide.mcu.externaltools.gnu-tools-for-stm32.13.3.rel1.win32_1.0.0.202411081344/tools/bin/../lib/gcc/arm-none-eabi/13.3.1/thumb/v7e-m+dp/hard\libgcc.a(_udivmoddi4.o)
 .ARM.attributes
                0x000006e1       0x20 C:/ST/STM32CubeIDE_1.19.0/STM32CubeIDE/plugins/com.st.stm32cube.ide.mcu.externaltools.gnu-tools-for-stm32.13.3.rel1.win32_1.0.0.202411081344/tools/bin/../lib/gcc/arm-none-eabi/13.3.1/thumb/v7e-m+dp/hard\libgcc.a(_dvmd_tls.o)
 .ARM.attributes
                0x00000701       0x20 C:/ST/STM32CubeIDE_1.19.0/STM32CubeIDE/plugins/com.st.stm32cube.ide.mcu.externaltools.gnu-tools-for-stm32.13.3.rel1.win32_1.0.0.202411081344/tools/bin/../lib/gcc/arm-none-eabi/13.3.1/thumb/v7e-m+dp/hard/crtn.o
OUTPUT(proj3.elf elf32-littlearm)
LOAD linker stubs
LOAD C:/ST/STM32CubeIDE_1.19.0/STM32CubeIDE/plugins/com.st.stm32cube.ide.mcu.externaltools.gnu-tools-for-stm32.13.3.rel1.win32_1.0.0.202411081344/tools/bin/../lib/gcc/arm-none-eabi/13.3.1/../../../../arm-none-eabi/lib/thumb/v7e-m+dp/hard\libc.a
LOAD C:/ST/STM32CubeIDE_1.19.0/STM32CubeIDE/plugins/com.st.stm32cube.ide.mcu.externaltools.gnu-tools-for-stm32.13.3.rel1.win32_1.0.0.202411081344/tools/bin/../lib/gcc/arm-none-eabi/13.3.1/../../../../arm-none-eabi/lib/thumb/v7e-m+dp/hard\libm.a
LOAD C:/ST/STM32CubeIDE_1.19.0/STM32CubeIDE/plugins/com.st.stm32cube.ide.mcu.externaltools.gnu-tools-for-stm32.13.3.rel1.win32_1.0.0.202411081344/tools/bin/../lib/gcc/arm-none-eabi/13.3.1/thumb/v7e-m+dp/hard\libgcc.a

.debug_info     0x00000000    0x147ff
 .debug_info    0x00000000      0xa73 ./Core/Src/bmp280.o
 .debug_info    0x00000a73      0x9c7 ./Core/Src/dht11.o
 .debug_info    0x0000143a      0x841 ./Core/Src/dust_sensor.o
 .debug_info    0x00001c7b      0x1b3 ./Core/Src/font.o
 .debug_info    0x00001e2e     0x1ea3 ./Core/Src/main.o
 .debug_info    0x00003cd1      0xc8e ./Core/Src/oled.o
 .debug_info    0x0000495f     0x1a74 ./Core/Src/stm32f7xx_hal_msp.o
 .debug_info    0x000063d3      0x82e ./Core/Src/stm32f7xx_it.o
 .debug_info    0x00006c01      0x72c ./Core/Src/system_stm32f7xx.o
 .debug_info    0x0000732d       0x2f ./Core/Startup/startup_stm32f767zitx.o
 .debug_info    0x0000735c      0xa82 ./Drivers/STM32F7xx_HAL_Driver/Src/stm32f7xx_hal.o
 .debug_info    0x00007dde      0xd29 ./Drivers/STM32F7xx_HAL_Driver/Src/stm32f7xx_hal_adc.o
 .debug_info    0x00008b07     0x10d1 ./Drivers/STM32F7xx_HAL_Driver/Src/stm32f7xx_hal_cortex.o
 .debug_info    0x00009bd8      0x7a2 ./Drivers/STM32F7xx_HAL_Driver/Src/stm32f7xx_hal_gpio.o
 .debug_info    0x0000a37a     0x2372 ./Drivers/STM32F7xx_HAL_Driver/Src/stm32f7xx_hal_i2c.o
 .debug_info    0x0000c6ec      0x9d6 ./Drivers/STM32F7xx_HAL_Driver/Src/stm32f7xx_hal_i2c_ex.o
 .debug_info    0x0000d0c2      0x92e ./Drivers/STM32F7xx_HAL_Driver/Src/stm32f7xx_hal_pwr_ex.o
 .debug_info    0x0000d9f0      0xa0e ./Drivers/STM32F7xx_HAL_Driver/Src/stm32f7xx_hal_rcc.o
 .debug_info    0x0000e3fe      0x78b ./Drivers/STM32F7xx_HAL_Driver/Src/stm32f7xx_hal_rcc_ex.o
 .debug_info    0x0000eb89     0x170e ./Drivers/STM32F7xx_HAL_Driver/Src/stm32f7xx_hal_spi.o
 .debug_info    0x00010297     0x2d63 ./Drivers/STM32F7xx_HAL_Driver/Src/stm32f7xx_hal_tim.o
 .debug_info    0x00012ffa     0x1805 ./Drivers/STM32F7xx_HAL_Driver/Src/stm32f7xx_hal_tim_ex.o

.debug_abbrev   0x00000000     0x2c1b
 .debug_abbrev  0x00000000      0x208 ./Core/Src/bmp280.o
 .debug_abbrev  0x00000208      0x204 ./Core/Src/dht11.o
 .debug_abbrev  0x0000040c      0x1e0 ./Core/Src/dust_sensor.o
 .debug_abbrev  0x000005ec       0x9c ./Core/Src/font.o
 .debug_abbrev  0x00000688      0x330 ./Core/Src/main.o
 .debug_abbrev  0x000009b8      0x286 ./Core/Src/oled.o
 .debug_abbrev  0x00000c3e      0x23f ./Core/Src/stm32f7xx_hal_msp.o
 .debug_abbrev  0x00000e7d      0x1d9 ./Core/Src/stm32f7xx_it.o
 .debug_abbrev  0x00001056      0x136 ./Core/Src/system_stm32f7xx.o
 .debug_abbrev  0x0000118c       0x24 ./Core/Startup/startup_stm32f767zitx.o
 .debug_abbrev  0x000011b0      0x20d ./Drivers/STM32F7xx_HAL_Driver/Src/stm32f7xx_hal.o
 .debug_abbrev  0x000013bd      0x244 ./Drivers/STM32F7xx_HAL_Driver/Src/stm32f7xx_hal_adc.o
 .debug_abbrev  0x00001601      0x30d ./Drivers/STM32F7xx_HAL_Driver/Src/stm32f7xx_hal_cortex.o
 .debug_abbrev  0x0000190e      0x1c4 ./Drivers/STM32F7xx_HAL_Driver/Src/stm32f7xx_hal_gpio.o
 .debug_abbrev  0x00001ad2      0x24a ./Drivers/STM32F7xx_HAL_Driver/Src/stm32f7xx_hal_i2c.o
 .debug_abbrev  0x00001d1c      0x18e ./Drivers/STM32F7xx_HAL_Driver/Src/stm32f7xx_hal_i2c_ex.o
 .debug_abbrev  0x00001eaa      0x1cb ./Drivers/STM32F7xx_HAL_Driver/Src/stm32f7xx_hal_pwr_ex.o
 .debug_abbrev  0x00002075      0x2d1 ./Drivers/STM32F7xx_HAL_Driver/Src/stm32f7xx_hal_rcc.o
 .debug_abbrev  0x00002346      0x1b9 ./Drivers/STM32F7xx_HAL_Driver/Src/stm32f7xx_hal_rcc_ex.o
 .debug_abbrev  0x000024ff      0x24c ./Drivers/STM32F7xx_HAL_Driver/Src/stm32f7xx_hal_spi.o
 .debug_abbrev  0x0000274b      0x264 ./Drivers/STM32F7xx_HAL_Driver/Src/stm32f7xx_hal_tim.o
 .debug_abbrev  0x000029af      0x26c ./Drivers/STM32F7xx_HAL_Driver/Src/stm32f7xx_hal_tim_ex.o

.debug_aranges  0x00000000     0x11f8
 .debug_aranges
                0x00000000       0x58 ./Core/Src/bmp280.o
 .debug_aranges
                0x00000058       0x38 ./Core/Src/dht11.o
 .debug_aranges
                0x00000090       0x30 ./Core/Src/dust_sensor.o
 .debug_aranges
                0x000000c0       0x18 ./Core/Src/font.o
 .debug_aranges
                0x000000d8       0x78 ./Core/Src/main.o
 .debug_aranges
                0x00000150       0xa0 ./Core/Src/oled.o
 .debug_aranges
                0x000001f0       0x60 ./Core/Src/stm32f7xx_hal_msp.o
 .debug_aranges
                0x00000250       0x78 ./Core/Src/stm32f7xx_it.o
 .debug_aranges
                0x000002c8       0x28 ./Core/Src/system_stm32f7xx.o
 .debug_aranges
                0x000002f0       0x28 ./Core/Startup/startup_stm32f767zitx.o
 .debug_aranges
                0x00000318      0x110 ./Drivers/STM32F7xx_HAL_Driver/Src/stm32f7xx_hal.o
 .debug_aranges
                0x00000428       0xe8 ./Drivers/STM32F7xx_HAL_Driver/Src/stm32f7xx_hal_adc.o
 .debug_aranges
                0x00000510      0x128 ./Drivers/STM32F7xx_HAL_Driver/Src/stm32f7xx_hal_cortex.o
 .debug_aranges
                0x00000638       0x58 ./Drivers/STM32F7xx_HAL_Driver/Src/stm32f7xx_hal_gpio.o
 .debug_aranges
                0x00000690      0x2a0 ./Drivers/STM32F7xx_HAL_Driver/Src/stm32f7xx_hal_i2c.o
 .debug_aranges
                0x00000930       0x38 ./Drivers/STM32F7xx_HAL_Driver/Src/stm32f7xx_hal_i2c_ex.o
 .debug_aranges
                0x00000968       0x80 ./Drivers/STM32F7xx_HAL_Driver/Src/stm32f7xx_hal_pwr_ex.o
 .debug_aranges
                0x000009e8       0x88 ./Drivers/STM32F7xx_HAL_Driver/Src/stm32f7xx_hal_rcc.o
 .debug_aranges
                0x00000a70       0x50 ./Drivers/STM32F7xx_HAL_Driver/Src/stm32f7xx_hal_rcc_ex.o
 .debug_aranges
                0x00000ac0      0x1d8 ./Drivers/STM32F7xx_HAL_Driver/Src/stm32f7xx_hal_spi.o
 .debug_aranges
                0x00000c98      0x3e0 ./Drivers/STM32F7xx_HAL_Driver/Src/stm32f7xx_hal_tim.o
 .debug_aranges
                0x00001078      0x180 ./Drivers/STM32F7xx_HAL_Driver/Src/stm32f7xx_hal_tim_ex.o

.debug_ranges   0x00000000     0x1098
 .debug_ranges  0x00000000       0x48 ./Core/Src/bmp280.o
 .debug_ranges  0x00000048       0x28 ./Core/Src/dht11.o
 .debug_ranges  0x00000070       0x20 ./Core/Src/dust_sensor.o
 .debug_ranges  0x00000090       0x68 ./Core/Src/main.o
 .debug_ranges  0x000000f8       0x90 ./Core/Src/oled.o
 .debug_ranges  0x00000188       0x50 ./Core/Src/stm32f7xx_hal_msp.o
 .debug_ranges  0x000001d8       0x68 ./Core/Src/stm32f7xx_it.o
 .debug_ranges  0x00000240       0x18 ./Core/Src/system_stm32f7xx.o
 .debug_ranges  0x00000258       0x20 ./Core/Startup/startup_stm32f767zitx.o
 .debug_ranges  0x00000278      0x100 ./Drivers/STM32F7xx_HAL_Driver/Src/stm32f7xx_hal.o
 .debug_ranges  0x00000378       0xd8 ./Drivers/STM32F7xx_HAL_Driver/Src/stm32f7xx_hal_adc.o
 .debug_ranges  0x00000450      0x118 ./Drivers/STM32F7xx_HAL_Driver/Src/stm32f7xx_hal_cortex.o
 .debug_ranges  0x00000568       0x48 ./Drivers/STM32F7xx_HAL_Driver/Src/stm32f7xx_hal_gpio.o
 .debug_ranges  0x000005b0      0x290 ./Drivers/STM32F7xx_HAL_Driver/Src/stm32f7xx_hal_i2c.o
 .debug_ranges  0x00000840       0x28 ./Drivers/STM32F7xx_HAL_Driver/Src/stm32f7xx_hal_i2c_ex.o
 .debug_ranges  0x00000868       0x70 ./Drivers/STM32F7xx_HAL_Driver/Src/stm32f7xx_hal_pwr_ex.o
 .debug_ranges  0x000008d8       0x78 ./Drivers/STM32F7xx_HAL_Driver/Src/stm32f7xx_hal_rcc.o
 .debug_ranges  0x00000950       0x40 ./Drivers/STM32F7xx_HAL_Driver/Src/stm32f7xx_hal_rcc_ex.o
 .debug_ranges  0x00000990      0x1c8 ./Drivers/STM32F7xx_HAL_Driver/Src/stm32f7xx_hal_spi.o
 .debug_ranges  0x00000b58      0x3d0 ./Drivers/STM32F7xx_HAL_Driver/Src/stm32f7xx_hal_tim.o
 .debug_ranges  0x00000f28      0x170 ./Drivers/STM32F7xx_HAL_Driver/Src/stm32f7xx_hal_tim_ex.o

.debug_macro    0x00000000    0x28d7f
 .debug_macro   0x00000000      0x2c7 ./Core/Src/bmp280.o
 .debug_macro   0x000002c7      0xaf0 ./Core/Src/bmp280.o
 .debug_macro   0x00000db7      0x299 ./Core/Src/bmp280.o
 .debug_macro   0x00001050       0x2e ./Core/Src/bmp280.o
 .debug_macro   0x0000107e       0x3b ./Core/Src/bmp280.o
 .debug_macro   0x000010b9       0x22 ./Core/Src/bmp280.o
 .debug_macro   0x000010db       0x8e ./Core/Src/bmp280.o
 .debug_macro   0x00001169       0x51 ./Core/Src/bmp280.o
 .debug_macro   0x000011ba      0x103 ./Core/Src/bmp280.o
 .debug_macro   0x000012bd       0x6a ./Core/Src/bmp280.o
 .debug_macro   0x00001327      0x1df ./Core/Src/bmp280.o
 .debug_macro   0x00001506       0x1c ./Core/Src/bmp280.o
 .debug_macro   0x00001522       0x22 ./Core/Src/bmp280.o
 .debug_macro   0x00001544       0xd9 ./Core/Src/bmp280.o
 .debug_macro   0x0000161d     0x12cd ./Core/Src/bmp280.o
 .debug_macro   0x000028ea      0x11f ./Core/Src/bmp280.o
 .debug_macro   0x00002a09       0x19 ./Core/Src/bmp280.o
 .debug_macro   0x00002a22    0x1aa23 ./Core/Src/bmp280.o
 .debug_macro   0x0001d445       0x6d ./Core/Src/bmp280.o
 .debug_macro   0x0001d4b2     0x375e ./Core/Src/bmp280.o
 .debug_macro   0x00020c10      0x190 ./Core/Src/bmp280.o
 .debug_macro   0x00020da0       0x63 ./Core/Src/bmp280.o
 .debug_macro   0x00020e03     0x1add ./Core/Src/bmp280.o
 .debug_macro   0x000228e0      0x6c4 ./Core/Src/bmp280.o
 .debug_macro   0x00022fa4      0x18b ./Core/Src/bmp280.o
 .debug_macro   0x0002312f      0x115 ./Core/Src/bmp280.o
 .debug_macro   0x00023244      0x26e ./Core/Src/bmp280.o
 .debug_macro   0x000234b2       0xa5 ./Core/Src/bmp280.o
 .debug_macro   0x00023557      0x24f ./Core/Src/bmp280.o
 .debug_macro   0x000237a6       0x71 ./Core/Src/bmp280.o
 .debug_macro   0x00023817       0x58 ./Core/Src/bmp280.o
 .debug_macro   0x0002386f      0x236 ./Core/Src/bmp280.o
 .debug_macro   0x00023aa5      0x416 ./Core/Src/bmp280.o
 .debug_macro   0x00023ebb      0x153 ./Core/Src/bmp280.o
 .debug_macro   0x0002400e      0x107 ./Core/Src/bmp280.o
 .debug_macro   0x00024115      0x14e ./Core/Src/bmp280.o
 .debug_macro   0x00024263      0x3db ./Core/Src/bmp280.o
 .debug_macro   0x0002463e       0x12 ./Core/Src/bmp280.o
 .debug_macro   0x00024650      0x22c ./Core/Src/bmp280.o
 .debug_macro   0x0002487c       0x61 ./Core/Src/bmp280.o
 .debug_macro   0x000248dd       0xa5 ./Core/Src/bmp280.o
 .debug_macro   0x00024982      0x12e ./Core/Src/bmp280.o
 .debug_macro   0x00024ab0      0x108 ./Core/Src/bmp280.o
 .debug_macro   0x00024bb8       0x35 ./Core/Src/bmp280.o
 .debug_macro   0x00024bed      0x2fe ./Core/Src/bmp280.o
 .debug_macro   0x00024eeb      0xa91 ./Core/Src/bmp280.o
 .debug_macro   0x0002597c       0xa9 ./Core/Src/bmp280.o
 .debug_macro   0x00025a25      0x15b ./Core/Src/bmp280.o
 .debug_macro   0x00025b80       0x70 ./Core/Src/bmp280.o
 .debug_macro   0x00025bf0       0x61 ./Core/Src/bmp280.o
 .debug_macro   0x00025c51       0x29 ./Core/Src/bmp280.o
 .debug_macro   0x00025c7a       0x43 ./Core/Src/bmp280.o
 .debug_macro   0x00025cbd       0x34 ./Core/Src/bmp280.o
 .debug_macro   0x00025cf1      0x370 ./Core/Src/bmp280.o
 .debug_macro   0x00026061       0x16 ./Core/Src/bmp280.o
 .debug_macro   0x00026077       0x4a ./Core/Src/bmp280.o
 .debug_macro   0x000260c1       0x34 ./Core/Src/bmp280.o
 .debug_macro   0x000260f5       0x10 ./Core/Src/bmp280.o
 .debug_macro   0x00026105       0x58 ./Core/Src/bmp280.o
 .debug_macro   0x0002615d       0x8e ./Core/Src/bmp280.o
 .debug_macro   0x000261eb       0x1c ./Core/Src/bmp280.o
 .debug_macro   0x00026207      0x185 ./Core/Src/bmp280.o
 .debug_macro   0x0002638c      0x19b ./Core/Src/bmp280.o
 .debug_macro   0x00026527      0x216 ./Core/Src/dht11.o
 .debug_macro   0x0002673d      0x220 ./Core/Src/dust_sensor.o
 .debug_macro   0x0002695d       0x6d ./Core/Src/font.o
 .debug_macro   0x000269ca      0x23d ./Core/Src/main.o
 .debug_macro   0x00026c07       0x10 ./Core/Src/main.o
 .debug_macro   0x00026c17      0x22a ./Core/Src/oled.o
 .debug_macro   0x00026e41      0x20c ./Core/Src/stm32f7xx_hal_msp.o
 .debug_macro   0x0002704d      0x216 ./Core/Src/stm32f7xx_it.o
 .debug_macro   0x00027263      0x1fd ./Core/Src/system_stm32f7xx.o
 .debug_macro   0x00027460      0x221 ./Drivers/STM32F7xx_HAL_Driver/Src/stm32f7xx_hal.o
 .debug_macro   0x00027681      0x1fe ./Drivers/STM32F7xx_HAL_Driver/Src/stm32f7xx_hal_adc.o
 .debug_macro   0x0002787f      0x1fd ./Drivers/STM32F7xx_HAL_Driver/Src/stm32f7xx_hal_cortex.o
 .debug_macro   0x00027a7c      0x203 ./Drivers/STM32F7xx_HAL_Driver/Src/stm32f7xx_hal_gpio.o
 .debug_macro   0x00027c7f      0x2c9 ./Drivers/STM32F7xx_HAL_Driver/Src/stm32f7xx_hal_i2c.o
 .debug_macro   0x00027f48      0x1fd ./Drivers/STM32F7xx_HAL_Driver/Src/stm32f7xx_hal_i2c_ex.o
 .debug_macro   0x00028145      0x215 ./Drivers/STM32F7xx_HAL_Driver/Src/stm32f7xx_hal_pwr_ex.o
 .debug_macro   0x0002835a      0x221 ./Drivers/STM32F7xx_HAL_Driver/Src/stm32f7xx_hal_rcc.o
 .debug_macro   0x0002857b      0x1fd ./Drivers/STM32F7xx_HAL_Driver/Src/stm32f7xx_hal_rcc_ex.o
 .debug_macro   0x00028778      0x20c ./Drivers/STM32F7xx_HAL_Driver/Src/stm32f7xx_hal_spi.o
 .debug_macro   0x00028984      0x1fe ./Drivers/STM32F7xx_HAL_Driver/Src/stm32f7xx_hal_tim.o
 .debug_macro   0x00028b82      0x1fd ./Drivers/STM32F7xx_HAL_Driver/Src/stm32f7xx_hal_tim_ex.o

.debug_line     0x00000000    0x16e5b
 .debug_line    0x00000000      0xc8e ./Core/Src/bmp280.o
 .debug_line    0x00000c8e      0x910 ./Core/Src/dht11.o
 .debug_line    0x0000159e      0x88d ./Core/Src/dust_sensor.o
 .debug_line    0x00001e2b      0x408 ./Core/Src/font.o
 .debug_line    0x00002233      0xb5f ./Core/Src/main.o
 .debug_line    0x00002d92      0xb63 ./Core/Src/oled.o
 .debug_line    0x000038f5      0x8f5 ./Core/Src/stm32f7xx_hal_msp.o
 .debug_line    0x000041ea      0x8a0 ./Core/Src/stm32f7xx_it.o
 .debug_line    0x00004a8a      0x814 ./Core/Src/system_stm32f7xx.o
 .debug_line    0x0000529e       0x89 ./Core/Startup/startup_stm32f767zitx.o
 .debug_line    0x00005327      0xaf7 ./Drivers/STM32F7xx_HAL_Driver/Src/stm32f7xx_hal.o
 .debug_line    0x00005e1e     0x128c ./Drivers/STM32F7xx_HAL_Driver/Src/stm32f7xx_hal_adc.o
 .debug_line    0x000070aa      0xd47 ./Drivers/STM32F7xx_HAL_Driver/Src/stm32f7xx_hal_cortex.o
 .debug_line    0x00007df1      0xc21 ./Drivers/STM32F7xx_HAL_Driver/Src/stm32f7xx_hal_gpio.o
 .debug_line    0x00008a12     0x37fe ./Drivers/STM32F7xx_HAL_Driver/Src/stm32f7xx_hal_i2c.o
 .debug_line    0x0000c210      0x872 ./Drivers/STM32F7xx_HAL_Driver/Src/stm32f7xx_hal_i2c_ex.o
 .debug_line    0x0000ca82      0xa97 ./Drivers/STM32F7xx_HAL_Driver/Src/stm32f7xx_hal_pwr_ex.o
 .debug_line    0x0000d519      0xffc ./Drivers/STM32F7xx_HAL_Driver/Src/stm32f7xx_hal_rcc.o
 .debug_line    0x0000e515      0xf4a ./Drivers/STM32F7xx_HAL_Driver/Src/stm32f7xx_hal_rcc_ex.o
 .debug_line    0x0000f45f     0x20cd ./Drivers/STM32F7xx_HAL_Driver/Src/stm32f7xx_hal_spi.o
 .debug_line    0x0001152c     0x3d62 ./Drivers/STM32F7xx_HAL_Driver/Src/stm32f7xx_hal_tim.o
 .debug_line    0x0001528e     0x1bcd ./Drivers/STM32F7xx_HAL_Driver/Src/stm32f7xx_hal_tim_ex.o

.debug_str      0x00000000    0xfee7a
 .debug_str     0x00000000    0xfee7a ./Core/Src/bmp280.o
                              0xfa28f (size before relaxing)
 .debug_str     0x000fee7a    0xf6899 ./Core/Src/dht11.o
 .debug_str     0x000fee7a    0xf673a ./Core/Src/dust_sensor.o
 .debug_str     0x000fee7a     0x3e61 ./Core/Src/font.o
 .debug_str     0x000fee7a    0xf7c2e ./Core/Src/main.o
 .debug_str     0x000fee7a    0xf6934 ./Core/Src/oled.o
 .debug_str     0x000fee7a    0xf7955 ./Core/Src/stm32f7xx_hal_msp.o
 .debug_str     0x000fee7a    0xf6890 ./Core/Src/stm32f7xx_it.o
 .debug_str     0x000fee7a    0xf62ca ./Core/Src/system_stm32f7xx.o
 .debug_str     0x000fee7a       0x6c ./Core/Startup/startup_stm32f767zitx.o
 .debug_str     0x000fee7a    0xf6d0a ./Drivers/STM32F7xx_HAL_Driver/Src/stm32f7xx_hal.o
 .debug_str     0x000fee7a    0xf67ca ./Drivers/STM32F7xx_HAL_Driver/Src/stm32f7xx_hal_adc.o
 .debug_str     0x000fee7a    0xf6cec ./Drivers/STM32F7xx_HAL_Driver/Src/stm32f7xx_hal_cortex.o
 .debug_str     0x000fee7a    0xf6388 ./Drivers/STM32F7xx_HAL_Driver/Src/stm32f7xx_hal_gpio.o
 .debug_str     0x000fee7a    0xf74dd ./Drivers/STM32F7xx_HAL_Driver/Src/stm32f7xx_hal_i2c.o
 .debug_str     0x000fee7a    0xf675c ./Drivers/STM32F7xx_HAL_Driver/Src/stm32f7xx_hal_i2c_ex.o
 .debug_str     0x000fee7a    0xf6539 ./Drivers/STM32F7xx_HAL_Driver/Src/stm32f7xx_hal_pwr_ex.o
 .debug_str     0x000fee7a    0xf6645 ./Drivers/STM32F7xx_HAL_Driver/Src/stm32f7xx_hal_rcc.o
 .debug_str     0x000fee7a    0xf65a8 ./Drivers/STM32F7xx_HAL_Driver/Src/stm32f7xx_hal_rcc_ex.o
 .debug_str     0x000fee7a    0xf6b04 ./Drivers/STM32F7xx_HAL_Driver/Src/stm32f7xx_hal_spi.o
 .debug_str     0x000fee7a    0xf75ed ./Drivers/STM32F7xx_HAL_Driver/Src/stm32f7xx_hal_tim.o
 .debug_str     0x000fee7a    0xf6ef3 ./Drivers/STM32F7xx_HAL_Driver/Src/stm32f7xx_hal_tim_ex.o

.comment        0x00000000       0x43
 .comment       0x00000000       0x43 ./Core/Src/bmp280.o
                                 0x44 (size before relaxing)
 .comment       0x00000043       0x44 ./Core/Src/dht11.o
 .comment       0x00000043       0x44 ./Core/Src/dust_sensor.o
 .comment       0x00000043       0x44 ./Core/Src/font.o
 .comment       0x00000043       0x44 ./Core/Src/main.o
 .comment       0x00000043       0x44 ./Core/Src/oled.o
 .comment       0x00000043       0x44 ./Core/Src/stm32f7xx_hal_msp.o
 .comment       0x00000043       0x44 ./Core/Src/stm32f7xx_it.o
 .comment       0x00000043       0x44 ./Core/Src/system_stm32f7xx.o
 .comment       0x00000043       0x44 ./Drivers/STM32F7xx_HAL_Driver/Src/stm32f7xx_hal.o
 .comment       0x00000043       0x44 ./Drivers/STM32F7xx_HAL_Driver/Src/stm32f7xx_hal_adc.o
 .comment       0x00000043       0x44 ./Drivers/STM32F7xx_HAL_Driver/Src/stm32f7xx_hal_cortex.o
 .comment       0x00000043       0x44 ./Drivers/STM32F7xx_HAL_Driver/Src/stm32f7xx_hal_gpio.o
 .comment       0x00000043       0x44 ./Drivers/STM32F7xx_HAL_Driver/Src/stm32f7xx_hal_i2c.o
 .comment       0x00000043       0x44 ./Drivers/STM32F7xx_HAL_Driver/Src/stm32f7xx_hal_i2c_ex.o
 .comment       0x00000043       0x44 ./Drivers/STM32F7xx_HAL_Driver/Src/stm32f7xx_hal_pwr_ex.o
 .comment       0x00000043       0x44 ./Drivers/STM32F7xx_HAL_Driver/Src/stm32f7xx_hal_rcc.o
 .comment       0x00000043       0x44 ./Drivers/STM32F7xx_HAL_Driver/Src/stm32f7xx_hal_rcc_ex.o
 .comment       0x00000043       0x44 ./Drivers/STM32F7xx_HAL_Driver/Src/stm32f7xx_hal_spi.o
 .comment       0x00000043       0x44 ./Drivers/STM32F7xx_HAL_Driver/Src/stm32f7xx_hal_tim.o
 .comment       0x00000043       0x44 ./Drivers/STM32F7xx_HAL_Driver/Src/stm32f7xx_hal_tim_ex.o

.debug_frame    0x00000000     0x4e44
 .debug_frame   0x00000000      0x138 ./Core/Src/bmp280.o
 .debug_frame   0x00000138       0xa4 ./Core/Src/dht11.o
 .debug_frame   0x000001dc       0x84 ./Core/Src/dust_sensor.o
 .debug_frame   0x00000260      0x194 ./Core/Src/main.o
 .debug_frame   0x000003f4      0x270 ./Core/Src/oled.o
 .debug_frame   0x00000664      0x15c ./Core/Src/stm32f7xx_hal_msp.o
 .debug_frame   0x000007c0      0x164 ./Core/Src/stm32f7xx_it.o
 .debug_frame   0x00000924       0x58 ./Core/Src/system_stm32f7xx.o
 .debug_frame   0x0000097c      0x3f4 ./Drivers/STM32F7xx_HAL_Driver/Src/stm32f7xx_hal.o
 .debug_frame   0x00000d70      0x3fc ./Drivers/STM32F7xx_HAL_Driver/Src/stm32f7xx_hal_adc.o
 .debug_frame   0x0000116c      0x4e8 ./Drivers/STM32F7xx_HAL_Driver/Src/stm32f7xx_hal_cortex.o
 .debug_frame   0x00001654      0x14c ./Drivers/STM32F7xx_HAL_Driver/Src/stm32f7xx_hal_gpio.o
 .debug_frame   0x000017a0      0xc38 ./Drivers/STM32F7xx_HAL_Driver/Src/stm32f7xx_hal_i2c.o
 .debug_frame   0x000023d8       0xb0 ./Drivers/STM32F7xx_HAL_Driver/Src/stm32f7xx_hal_i2c_ex.o
 .debug_frame   0x00002488      0x1c8 ./Drivers/STM32F7xx_HAL_Driver/Src/stm32f7xx_hal_pwr_ex.o
 .debug_frame   0x00002650      0x1f8 ./Drivers/STM32F7xx_HAL_Driver/Src/stm32f7xx_hal_rcc.o
 .debug_frame   0x00002848      0x118 ./Drivers/STM32F7xx_HAL_Driver/Src/stm32f7xx_hal_rcc_ex.o
 .debug_frame   0x00002960      0x860 ./Drivers/STM32F7xx_HAL_Driver/Src/stm32f7xx_hal_spi.o
 .debug_frame   0x000031c0     0x121c ./Drivers/STM32F7xx_HAL_Driver/Src/stm32f7xx_hal_tim.o
 .debug_frame   0x000043dc      0x6b0 ./Drivers/STM32F7xx_HAL_Driver/Src/stm32f7xx_hal_tim_ex.o
 .debug_frame   0x00004a8c      0x144 C:/ST/STM32CubeIDE_1.19.0/STM32CubeIDE/plugins/com.st.stm32cube.ide.mcu.externaltools.gnu-tools-for-stm32.13.3.rel1.win32_1.0.0.202411081344/tools/bin/../lib/gcc/arm-none-eabi/13.3.1/../../../../arm-none-eabi/lib/thumb/v7e-m+dp/hard\libc_nano.a(libc_a-findfp.o)
 .debug_frame   0x00004bd0       0x20 C:/ST/STM32CubeIDE_1.19.0/STM32CubeIDE/plugins/com.st.stm32cube.ide.mcu.externaltools.gnu-tools-for-stm32.13.3.rel1.win32_1.0.0.202411081344/tools/bin/../lib/gcc/arm-none-eabi/13.3.1/../../../../arm-none-eabi/lib/thumb/v7e-m+dp/hard\libc_nano.a(libc_a-memset.o)
 .debug_frame   0x00004bf0       0x20 C:/ST/STM32CubeIDE_1.19.0/STM32CubeIDE/plugins/com.st.stm32cube.ide.mcu.externaltools.gnu-tools-for-stm32.13.3.rel1.win32_1.0.0.202411081344/tools/bin/../lib/gcc/arm-none-eabi/13.3.1/../../../../arm-none-eabi/lib/thumb/v7e-m+dp/hard\libc_nano.a(libc_a-errno.o)
 .debug_frame   0x00004c10       0x2c C:/ST/STM32CubeIDE_1.19.0/STM32CubeIDE/plugins/com.st.stm32cube.ide.mcu.externaltools.gnu-tools-for-stm32.13.3.rel1.win32_1.0.0.202411081344/tools/bin/../lib/gcc/arm-none-eabi/13.3.1/../../../../arm-none-eabi/lib/thumb/v7e-m+dp/hard\libc_nano.a(libc_a-init.o)
 .debug_frame   0x00004c3c       0x80 C:/ST/STM32CubeIDE_1.19.0/STM32CubeIDE/plugins/com.st.stm32cube.ide.mcu.externaltools.gnu-tools-for-stm32.13.3.rel1.win32_1.0.0.202411081344/tools/bin/../lib/gcc/arm-none-eabi/13.3.1/../../../../arm-none-eabi/lib/thumb/v7e-m+dp/hard\libm.a(libm_a-sf_pow.o)
 .debug_frame   0x00004cbc       0x98 C:/ST/STM32CubeIDE_1.19.0/STM32CubeIDE/plugins/com.st.stm32cube.ide.mcu.externaltools.gnu-tools-for-stm32.13.3.rel1.win32_1.0.0.202411081344/tools/bin/../lib/gcc/arm-none-eabi/13.3.1/../../../../arm-none-eabi/lib/thumb/v7e-m+dp/hard\libm.a(libm_a-math_errf.o)
 .debug_frame   0x00004d54       0x4c C:/ST/STM32CubeIDE_1.19.0/STM32CubeIDE/plugins/com.st.stm32cube.ide.mcu.externaltools.gnu-tools-for-stm32.13.3.rel1.win32_1.0.0.202411081344/tools/bin/../lib/gcc/arm-none-eabi/13.3.1/thumb/v7e-m+dp/hard\libgcc.a(_arm_addsubsf3.o)
 .debug_frame   0x00004da0       0x44 C:/ST/STM32CubeIDE_1.19.0/STM32CubeIDE/plugins/com.st.stm32cube.ide.mcu.externaltools.gnu-tools-for-stm32.13.3.rel1.win32_1.0.0.202411081344/tools/bin/../lib/gcc/arm-none-eabi/13.3.1/thumb/v7e-m+dp/hard\libgcc.a(_aeabi_ldivmod.o)
 .debug_frame   0x00004de4       0x2c C:/ST/STM32CubeIDE_1.19.0/STM32CubeIDE/plugins/com.st.stm32cube.ide.mcu.externaltools.gnu-tools-for-stm32.13.3.rel1.win32_1.0.0.202411081344/tools/bin/../lib/gcc/arm-none-eabi/13.3.1/thumb/v7e-m+dp/hard\libgcc.a(_aeabi_uldivmod.o)
 .debug_frame   0x00004e10       0x34 C:/ST/STM32CubeIDE_1.19.0/STM32CubeIDE/plugins/com.st.stm32cube.ide.mcu.externaltools.gnu-tools-for-stm32.13.3.rel1.win32_1.0.0.202411081344/tools/bin/../lib/gcc/arm-none-eabi/13.3.1/thumb/v7e-m+dp/hard\libgcc.a(_udivmoddi4.o)
