../Core/Src/main.c:79:6:updateData	8	static
../Core/Src/main.c:102:6:init	16	static
../Core/Src/main.c:125:5:main	8	static
../Core/Src/main.c:183:6:SystemClock_Config	88	static
../Core/Src/main.c:238:13:MX_ADC1_Init	24	static
../Core/Src/main.c:290:13:MX_I2C1_Init	8	static
../Core/Src/main.c:338:13:MX_SPI1_Init	8	static
../Core/Src/main.c:378:13:MX_TIM1_Init	40	static
../Core/Src/main.c:425:13:MX_TIM2_Init	40	static
../Core/Src/main.c:470:13:MX_GPIO_Init	40	static
../Core/Src/main.c:523:6:MPU_Config	24	static
../Core/Src/main.c:554:6:Error_Handler	4	static,ignoring_inline_asm
