../Core/Src/main.c:77:6:updateData	8	static
../Core/Src/main.c:98:6:init	16	static
../Core/Src/main.c:121:5:main	8	static
../Core/Src/main.c:179:6:SystemClock_Config	88	static
../Core/Src/main.c:234:13:MX_ADC1_Init	24	static
../Core/Src/main.c:286:13:MX_I2C1_Init	8	static
../Core/Src/main.c:334:13:MX_SPI1_Init	8	static
../Core/Src/main.c:374:13:MX_TIM1_Init	40	static
../Core/Src/main.c:421:13:MX_TIM2_Init	40	static
../Core/Src/main.c:466:13:MX_GPIO_Init	40	static
../Core/Src/main.c:519:6:MPU_Config	24	static
../Core/Src/main.c:550:6:Error_Handler	4	static,ignoring_inline_asm
