../Core/Src/oled.c:24:13:OLED_CS	16	static
../Core/Src/oled.c:29:13:OLED_DC	16	static
../Core/Src/oled.c:34:13:OLED_RESET	8	static
../Core/Src/oled.c:42:13:OLED_WriteCommand	16	static
../Core/Src/oled.c:50:13:OLED_WriteData	16	static
../Core/Src/oled.c:60:6:OLED_Init	8	static
../Core/Src/oled.c:86:6:OLED_Clear	144	static
../Core/Src/oled.c:101:6:OLED_DrawLetter	32	static
../Core/Src/oled.c:118:6:OLED_DrawCol	16	static
../Core/Src/oled.c:126:6:OLED_temp	16	static
../Core/Src/oled.c:164:6:OLED_pressure_Pa	48	static
../Core/Src/oled.c:185:6:OLED_dust	24	static
