../Core/Src/oled.c:14:6:OLED_CS	16	static
../Core/Src/oled.c:18:6:OLED_DC	16	static
../Core/Src/oled.c:22:6:OLED_RESET	8	static
../Core/Src/oled.c:29:6:OLED_WriteCommand	16	static
../Core/Src/oled.c:36:6:OLED_WriteData	16	static
../Core/Src/oled.c:43:6:OLED_Init	8	static
../Core/Src/oled.c:68:6:OLED_Clear	144	static
../Core/Src/oled.c:83:6:OLED_DrawLetter	32	static
../Core/Src/oled.c:97:5:CharToFontIndex	16	static
../Core/Src/oled.c:107:6:OLED_DrawString	24	static
../Core/Src/oled.c:118:6:OLED_DrawCol	16	static
../Core/Src/oled.c:125:6:OLED_temp	16	static
../Core/Src/oled.c:173:6:OLED_pressure_Pa	56	static
../Core/Src/oled.c:210:6:OLED_dust	32	static
../Core/Src/oled.c:240:16:GetAirQualityEmoji16	16	static
../Core/Src/oled.c:256:6:OLED_DrawAirQualityEmoji16	48	static
../Core/Src/oled.c:280:13:GetAirQualityText	16	static
